Archive member included to satisfy reference by file (symbol)

/mnt/usb2/e_sdk/freedom-e-sdk/bsp/sifive-hifive1-revb/install/lib/debug//libmetal.a(inline.o)
                              /tmp/ccNqEZsK.o (__metal_dt_mem_dtim_80000000)
/mnt/usb2/e_sdk/freedom-e-sdk/bsp/sifive-hifive1-revb/install/lib/debug//libmetal.a(riscv_clint0.o)
                              /mnt/usb2/e_sdk/freedom-e-sdk/bsp/sifive-hifive1-revb/install/lib/debug//libmetal.a(inline.o) (__metal_driver_vtable_riscv_clint0)
/mnt/usb2/e_sdk/freedom-e-sdk/bsp/sifive-hifive1-revb/install/lib/debug//libmetal.a(riscv_cpu.o)
                              /mnt/usb2/e_sdk/freedom-e-sdk/bsp/sifive-hifive1-revb/install/lib/debug//libmetal.a(riscv_clint0.o) (__metal_controller_interrupt_vector_mode)
/mnt/usb2/e_sdk/freedom-e-sdk/bsp/sifive-hifive1-revb/install/lib/debug//libmetal.a(riscv_plic0.o)
                              /mnt/usb2/e_sdk/freedom-e-sdk/bsp/sifive-hifive1-revb/install/lib/debug//libmetal.a(inline.o) (__metal_driver_vtable_riscv_plic0)
/mnt/usb2/e_sdk/freedom-e-sdk/bsp/sifive-hifive1-revb/install/lib/debug//libmetal.a(sifive_fe310-g000_hfrosc.o)
                              /mnt/usb2/e_sdk/freedom-e-sdk/bsp/sifive-hifive1-revb/install/lib/debug//libmetal.a(inline.o) (__metal_driver_vtable_sifive_fe310_g000_hfrosc)
/mnt/usb2/e_sdk/freedom-e-sdk/bsp/sifive-hifive1-revb/install/lib/debug//libmetal.a(sifive_fe310-g000_hfxosc.o)
                              /mnt/usb2/e_sdk/freedom-e-sdk/bsp/sifive-hifive1-revb/install/lib/debug//libmetal.a(inline.o) (__metal_driver_vtable_sifive_fe310_g000_hfxosc)
/mnt/usb2/e_sdk/freedom-e-sdk/bsp/sifive-hifive1-revb/install/lib/debug//libmetal.a(sifive_fe310-g000_lfrosc.o)
                              /mnt/usb2/e_sdk/freedom-e-sdk/bsp/sifive-hifive1-revb/install/lib/debug//libmetal.a(inline.o) (__metal_driver_vtable_sifive_fe310_g000_lfrosc)
/mnt/usb2/e_sdk/freedom-e-sdk/bsp/sifive-hifive1-revb/install/lib/debug//libmetal.a(sifive_fe310-g000_pll.o)
                              /mnt/usb2/e_sdk/freedom-e-sdk/bsp/sifive-hifive1-revb/install/lib/debug//libmetal.a(inline.o) (__metal_driver_vtable_sifive_fe310_g000_pll)
/mnt/usb2/e_sdk/freedom-e-sdk/bsp/sifive-hifive1-revb/install/lib/debug//libmetal.a(sifive_fe310-g000_prci.o)
                              /mnt/usb2/e_sdk/freedom-e-sdk/bsp/sifive-hifive1-revb/install/lib/debug//libmetal.a(inline.o) (__metal_driver_vtable_sifive_fe310_g000_prci)
/mnt/usb2/e_sdk/freedom-e-sdk/bsp/sifive-hifive1-revb/install/lib/debug//libmetal.a(sifive_gpio-leds.o)
                              /mnt/usb2/e_sdk/freedom-e-sdk/bsp/sifive-hifive1-revb/install/lib/debug//libmetal.a(inline.o) (__metal_driver_vtable_sifive_led)
/mnt/usb2/e_sdk/freedom-e-sdk/bsp/sifive-hifive1-revb/install/lib/debug//libmetal.a(sifive_gpio0.o)
                              /mnt/usb2/e_sdk/freedom-e-sdk/bsp/sifive-hifive1-revb/install/lib/debug//libmetal.a(inline.o) (__metal_driver_vtable_sifive_gpio0)
/mnt/usb2/e_sdk/freedom-e-sdk/bsp/sifive-hifive1-revb/install/lib/debug//libmetal.a(sifive_i2c0.o)
                              /mnt/usb2/e_sdk/freedom-e-sdk/bsp/sifive-hifive1-revb/install/lib/debug//libmetal.a(inline.o) (__metal_driver_vtable_sifive_i2c0)
/mnt/usb2/e_sdk/freedom-e-sdk/bsp/sifive-hifive1-revb/install/lib/debug//libmetal.a(sifive_pwm0.o)
                              /mnt/usb2/e_sdk/freedom-e-sdk/bsp/sifive-hifive1-revb/install/lib/debug//libmetal.a(inline.o) (__metal_driver_vtable_sifive_pwm0)
/mnt/usb2/e_sdk/freedom-e-sdk/bsp/sifive-hifive1-revb/install/lib/debug//libmetal.a(sifive_rtc0.o)
                              /mnt/usb2/e_sdk/freedom-e-sdk/bsp/sifive-hifive1-revb/install/lib/debug//libmetal.a(inline.o) (__metal_driver_vtable_sifive_rtc0)
/mnt/usb2/e_sdk/freedom-e-sdk/bsp/sifive-hifive1-revb/install/lib/debug//libmetal.a(sifive_spi0.o)
                              /mnt/usb2/e_sdk/freedom-e-sdk/bsp/sifive-hifive1-revb/install/lib/debug//libmetal.a(inline.o) (__metal_driver_vtable_sifive_spi0)
/mnt/usb2/e_sdk/freedom-e-sdk/bsp/sifive-hifive1-revb/install/lib/debug//libmetal.a(sifive_uart0.o)
                              /mnt/usb2/e_sdk/freedom-e-sdk/bsp/sifive-hifive1-revb/install/lib/debug//libmetal.a(inline.o) (__metal_driver_vtable_sifive_uart0)
/mnt/usb2/e_sdk/freedom-e-sdk/bsp/sifive-hifive1-revb/install/lib/debug//libmetal.a(sifive_wdog0.o)
                              /mnt/usb2/e_sdk/freedom-e-sdk/bsp/sifive-hifive1-revb/install/lib/debug//libmetal.a(inline.o) (__metal_driver_vtable_sifive_wdog0)
/mnt/usb2/e_sdk/freedom-e-sdk/bsp/sifive-hifive1-revb/install/lib/debug//libmetal.a(clock.o)
                              /mnt/usb2/e_sdk/freedom-e-sdk/bsp/sifive-hifive1-revb/install/lib/debug//libmetal.a(sifive_fe310-g000_pll.o) (_metal_clock_call_all_callbacks)
/mnt/usb2/e_sdk/freedom-e-sdk/bsp/sifive-hifive1-revb/install/lib/debug//libmetal.a(cpu.o)
                              /tmp/ccNqEZsK.o (metal_cpu_interrupt_controller)
[...]
Memory Configuration

Name             Origin             Length             Attributes
itim             0x0000000008000000 0x0000000000002000 axrwl
ram              0x0000000080000000 0x0000000000004000 arw !xl
rom              0x0000000020010000 0x000000000006a120 xrl !aw
*default*        0x0000000000000000 0xffffffffffffffff

Linker script and memory map

LOAD /tmp/ccNqEZsK.o
START GROUP
LOAD /opt/sifive/riscv64-unknown-elf-gcc-8.3.0-2020.04.0-x86_64-linux-ubuntu14/bin/../lib/gcc/riscv64-unknown-elf/8.3.0/../../../../riscv64-unknown-elf/lib/rv32imac/ilp32/libc_nano.a
LOAD /opt/sifive/riscv64-unknown-elf-gcc-8.3.0-2020.04.0-x86_64-linux-ubuntu14/bin/../lib/gcc/riscv64-unknown-elf/8.3.0/rv32imac/ilp32/libgcc.a
LOAD /opt/sifive/riscv64-unknown-elf-gcc-8.3.0-2020.04.0-x86_64-linux-ubuntu14/bin/../lib/gcc/riscv64-unknown-elf/8.3.0/../../../../riscv64-unknown-elf/lib/rv32imac/ilp32/libm.a
LOAD /mnt/usb2/e_sdk/freedom-e-sdk/bsp/sifive-hifive1-revb/install/lib/debug//libmetal.a
LOAD /mnt/usb2/e_sdk/freedom-e-sdk/bsp/sifive-hifive1-revb/install/lib/debug//libmetal-gloss.a
END GROUP
                0x0000000000000400                __stack_size = DEFINED (__stack_size)?__stack_size:0x400
                [!provide]                        PROVIDE (__stack_size = __stack_size)
                0x0000000000000800                __heap_size = DEFINED (__heap_size)?__heap_size:0x800
                0x0000000000000000                PROVIDE (__metal_boot_hart = 0x0)
                0x0000000000000001                PROVIDE (__metal_chicken_bit = 0x1)
                0x0000000000000000                PROVIDE (__metal_eccscrub_bit = 0x0)
                [!provide]                        PROVIDE (metal_dtim_0_memory_start = 0x80000000)
                [!provide]                        PROVIDE (metal_dtim_0_memory_end = 0x80004000)
                [!provide]                        PROVIDE (metal_itim_0_memory_start = 0x8000000)
                [!provide]                        PROVIDE (metal_itim_0_memory_end = 0x8002000)

.init           0x0000000020010000      0x2e6
 *(.text.metal.init.enter)
 .text.metal.init.enter
                0x0000000020010000       0x90 /mnt/usb2/e_sdk/freedom-e-sdk/bsp/sifive-hifive1-revb/install/lib/debug//libmetal.a(entry.o)
                0x0000000020010000                _enter
 *(.text.metal.init.*)
 .text.metal.init.__register_frame_info
                0x0000000020010090        0x2 /mnt/usb2/e_sdk/freedom-e-sdk/bsp/sifive-hifive1-revb/install/lib/debug//libmetal.a(entry.o)
                0x0000000020010090                __register_frame_info
 .text.metal.init.scrub
                0x0000000020010092       0xaa /mnt/usb2/e_sdk/freedom-e-sdk/bsp/sifive-hifive1-revb/install/lib/debug//libmetal.a(scrub.o)
                0x0000000020010092                metal_mem_scrub
                0x00000000200100d6                __metal_before_start
 *fill*         0x000000002001013c        0x0 
 .text.metal.init.trapvec
                0x000000002001013c        0xe /mnt/usb2/e_sdk/freedom-e-sdk/bsp/sifive-hifive1-revb/install/lib/debug//libmetal.a(trap.o)
                0x000000002001013c                early_trap_vector
 *(SORT_NONE(.init))
 .init          0x000000002001014a        0xe /mnt/usb2/e_sdk/freedom-e-sdk/bsp/sifive-hifive1-revb/install/lib/debug//libmetal.a(synchronize_harts.o)
                0x000000002001014a                __metal_synchronize_harts
 *(.text.libgloss.start)
 .text.libgloss.start
                0x0000000020010158      0x18e /mnt/usb2/e_sdk/freedom-e-sdk/bsp/sifive-hifive1-revb/install/lib/debug//libmetal-gloss.a(crt0.o)
                0x0000000020010158                _start
                0x00000000200102c4                _init
                0x00000000200102c4                _fini
                0x00000000200102c6                secondary_main

.fini
 *(SORT_NONE(.fini))

.preinit_array  0x00000000200102e8        0x0
                0x00000000200102e8                PROVIDE (__preinit_array_start = .)
 *(.preinit_array)
                0x00000000200102e8                PROVIDE (__preinit_array_end = .)

.init_array     0x00000000200102e8        0x8
                0x00000000200102e8                PROVIDE (__init_array_start = .)
 *(SORT_BY_INIT_PRIORITY(.init_array.*) SORT_BY_INIT_PRIORITY(.ctors.*))
 *(.init_array EXCLUDE_FILE(*crtend?.o *crtend.o *crtbegin?.o *crtbegin.o) .ctors)
                0x00000000200102e8                PROVIDE (__init_array_end = .)
                0x00000000200102e8                PROVIDE (metal_constructors_start = .)
 *(SORT_BY_INIT_PRIORITY(.metal.init_array.*))
 .metal.init_array.5000
                0x00000000200102e8        0x8 /mnt/usb2/e_sdk/freedom-e-sdk/bsp/sifive-hifive1-revb/install/lib/debug//libmetal.a(sifive_fe310-g000_pll.o)
                0x00000000200102e8                _metal_sifive_fe310_g000_pll_init_ptr
                0x00000000200102ec                _use_hfxosc_ptr
 *(.metal.init_array)
                0x00000000200102f0                PROVIDE (metal_constructors_end = .)

.fini_array     0x00000000200102f0        0x0
                0x00000000200102f0                PROVIDE (__fini_array_start = .)
 *(SORT_BY_INIT_PRIORITY(.fini_array.*) SORT_BY_INIT_PRIORITY(.dtors.*))
 *(.fini_array EXCLUDE_FILE(*crtend?.o *crtend.o *crtbegin?.o *crtbegin.o) .dtors)
                0x00000000200102f0                PROVIDE (__fini_array_end = .)
                0x00000000200102f0                PROVIDE (metal_destructors_start = .)
 *(SORT_BY_INIT_PRIORITY(.metal.fini_array.*))
 *(.metal.fini_array)
                0x00000000200102f0                PROVIDE (metal_destructors_end = .)

.ctors          0x00000000200102f0       0x56
 *crtbegin.o(.ctors)
 *crtbegin?.o(.ctors)
 *(EXCLUDE_FILE(*crtend?.o *crtend.o) .ctors)
 *(SORT_BY_NAME(.ctors.*))
 *(.ctors)
 *(.metal.ctors .metal.ctors.*)
 .metal.ctors   0x00000000200102f0       0x56 /mnt/usb2/e_sdk/freedom-e-sdk/bsp/sifive-hifive1-revb/install/lib/debug//libmetal.a(sifive_fe310-g000_pll.o)
                0x00000000200102f0                metal_sifive_fe310_g000_pll_init
                0x000000002001031c                use_hfxosc

.dtors
 *crtbegin.o(.dtors)
 *crtbegin?.o(.dtors)
 *(EXCLUDE_FILE(*crtend?.o *crtend.o) .dtors)
 *(SORT_BY_NAME(.dtors.*))
 *(.dtors)
 *(.metal.dtors .metal.dtors.*)

.rodata         0x0000000020010348      0xb60
 *(.rdata)
 *(.rodata .rodata.*)
 .rodata        0x0000000020010348        0xc /tmp/ccNqEZsK.o
 .rodata.__metal_driver_vtable_riscv_clint0
                0x0000000020010354       0x64 /mnt/usb2/e_sdk/freedom-e-sdk/bsp/sifive-hifive1-revb/install/lib/debug//libmetal.a(riscv_clint0.o)
                0x0000000020010354                __metal_driver_vtable_riscv_clint0
 .rodata.__metal_controller_interrupt_vector
                0x00000000200103b8       0x14 /mnt/usb2/e_sdk/freedom-e-sdk/bsp/sifive-hifive1-revb/install/lib/debug//libmetal.a(riscv_cpu.o)
 .rodata.__metal_local_interrupt_enable
                0x00000000200103cc       0x80 /mnt/usb2/e_sdk/freedom-e-sdk/bsp/sifive-hifive1-revb/install/lib/debug//libmetal.a(riscv_cpu.o)
 .rodata.__metal_driver_vtable_riscv_cpu_intc
                0x000000002001044c       0x64 /mnt/usb2/e_sdk/freedom-e-sdk/bsp/sifive-hifive1-revb/install/lib/debug//libmetal.a(riscv_cpu.o)
                0x000000002001044c                __metal_driver_vtable_riscv_cpu_intc
 .rodata.__metal_driver_vtable_cpu
                0x00000000200104b0       0x44 /mnt/usb2/e_sdk/freedom-e-sdk/bsp/sifive-hifive1-revb/install/lib/debug//libmetal.a(riscv_cpu.o)
                0x00000000200104b0                __metal_driver_vtable_cpu
 .rodata.__metal_driver_vtable_riscv_plic0
                0x00000000200104f4       0x64 /mnt/usb2/e_sdk/freedom-e-sdk/bsp/sifive-hifive1-revb/install/lib/debug//libmetal.a(riscv_plic0.o)
                0x00000000200104f4                __metal_driver_vtable_riscv_plic0
 .rodata.pll_configs
                0x0000000020010558      0x880 /mnt/usb2/e_sdk/freedom-e-sdk/bsp/sifive-hifive1-revb/install/lib/debug//libmetal.a(sifive_fe310-g000_pll.o)
 .rodata.__metal_driver_vtable_sifive_fe310_g000_pll
                0x0000000020010dd8        0xc /mnt/usb2/e_sdk/freedom-e-sdk/bsp/sifive-hifive1-revb/install/lib/debug//libmetal.a(sifive_fe310-g000_pll.o)
                0x0000000020010dd8                __metal_driver_vtable_sifive_fe310_g000_pll
 .rodata        0x0000000020010de4       0x1d /mnt/usb2/e_sdk/freedom-e-sdk/bsp/sifive-hifive1-revb/install/lib/debug//libmetal.a(sifive_gpio-leds.o)
 *fill*         0x0000000020010e01        0x3 
 .rodata.__metal_driver_vtable_sifive_led
                0x0000000020010e04       0x14 /mnt/usb2/e_sdk/freedom-e-sdk/bsp/sifive-hifive1-revb/install/lib/debug//libmetal.a(sifive_gpio-leds.o)
                0x0000000020010e04                __metal_driver_vtable_sifive_led
 .rodata.__metal_driver_sifive_gpio0_config_int
                0x0000000020010e18       0x20 /mnt/usb2/e_sdk/freedom-e-sdk/bsp/sifive-hifive1-revb/install/lib/debug//libmetal.a(sifive_gpio0.o)
 .rodata.__metal_driver_sifive_gpio0_clear_int
                0x0000000020010e38       0x20 /mnt/usb2/e_sdk/freedom-e-sdk/bsp/sifive-hifive1-revb/install/lib/debug//libmetal.a(sifive_gpio0.o)
 .rodata.__metal_driver_vtable_sifive_gpio0
                0x0000000020010e58       0x3c /mnt/usb2/e_sdk/freedom-e-sdk/bsp/sifive-hifive1-revb/install/lib/debug//libmetal.a(sifive_gpio0.o)
                0x0000000020010e58                __metal_driver_vtable_sifive_gpio0
 .rodata.libgloss.start
                0x0000000020010e94       0x11 /mnt/usb2/e_sdk/freedom-e-sdk/bsp/sifive-hifive1-revb/install/lib/debug//libmetal-gloss.a(crt0.o)
 *(.gnu.linkonce.r.*)
                0x0000000020010ea8                . = ALIGN (0x8)
 *fill*         0x0000000020010ea5        0x3 
 *(.srodata.cst16)
 *(.srodata.cst8)
 *(.srodata.cst4)
 *(.srodata.cst2)
 *(.srodata .srodata.*)

.itim           0x0000000008000000        0x0 load address 0x0000000020010ea8
 *(.itim .itim.*)
                0x0000000020010ea8                PROVIDE (metal_segment_itim_source_start = LOADADDR (.itim))
                0x0000000008000000                PROVIDE (metal_segment_itim_target_start = ADDR (.itim))
                0x0000000008000000                PROVIDE (metal_segment_itim_target_end = (ADDR (.itim) + SIZEOF (.itim)))

.lim            0x0000000080000000        0x0 load address 0x0000000020010ea8
 *(.lim .lim.*)
                0x0000000020010ea8                PROVIDE (metal_segment_lim_source_start = LOADADDR (.lim))
                0x0000000080000000                PROVIDE (metal_segment_lim_target_start = ADDR (.lim))
                0x0000000080000000                PROVIDE (metal_segment_lim_target_end = (ADDR (.lim) + SIZEOF (.lim)))

.text           0x0000000020010f00     0x48c8
 *(.text.unlikely .text.unlikely.*)
 *(.text.startup .text.startup.*)
 *(.text .text.*)
 .text.main     0x0000000020010f00       0xa0 /tmp/ccNqEZsK.o
                0x0000000020010f00                main
 .text.__metal_driver_sifive_clint0_control_base
                0x0000000020010fa0       0x2a /mnt/usb2/e_sdk/freedom-e-sdk/bsp/sifive-hifive1-revb/install/lib/debug//libmetal.a(riscv_clint0.o)
 .text.__metal_driver_sifive_clint0_num_interrupts
                0x0000000020010fca       0x28 /mnt/usb2/e_sdk/freedom-e-sdk/bsp/sifive-hifive1-revb/install/lib/debug//libmetal.a(riscv_clint0.o)
 .text.__metal_driver_sifive_clint0_interrupt_parents
                0x0000000020010ff2       0x3c /mnt/usb2/e_sdk/freedom-e-sdk/bsp/sifive-hifive1-revb/install/lib/debug//libmetal.a(riscv_clint0.o)
 .text.__metal_driver_sifive_clint0_interrupt_lines
                0x000000002001102e       0x30 /mnt/usb2/e_sdk/freedom-e-sdk/bsp/sifive-hifive1-revb/install/lib/debug//libmetal.a(riscv_clint0.o)
 .text.__metal_clint0_mtime_get
                0x000000002001105e       0x9a /mnt/usb2/e_sdk/freedom-e-sdk/bsp/sifive-hifive1-revb/install/lib/debug//libmetal.a(riscv_clint0.o)
                0x000000002001105e                __metal_clint0_mtime_get
 .text.__metal_driver_riscv_clint0_mtimecmp_set
                0x00000000200110f8       0x96 /mnt/usb2/e_sdk/freedom-e-sdk/bsp/sifive-hifive1-revb/install/lib/debug//libmetal.a(riscv_clint0.o)
                0x00000000200110f8                __metal_driver_riscv_clint0_mtimecmp_set
 .text._get_cpu_intc
                0x000000002001118e       0x36 /mnt/usb2/e_sdk/freedom-e-sdk/bsp/sifive-hifive1-revb/install/lib/debug//libmetal.a(riscv_clint0.o)
 .text.__metal_driver_riscv_clint0_init
                0x00000000200111c4       0x88 /mnt/usb2/e_sdk/freedom-e-sdk/bsp/sifive-hifive1-revb/install/lib/debug//libmetal.a(riscv_clint0.o)
                0x00000000200111c4                __metal_driver_riscv_clint0_init
 .text.__metal_driver_riscv_clint0_register
                0x000000002001124c       0xda /mnt/usb2/e_sdk/freedom-e-sdk/bsp/sifive-hifive1-revb/install/lib/debug//libmetal.a(riscv_clint0.o)
                0x000000002001124c                __metal_driver_riscv_clint0_register
 .text.__metal_driver_riscv_clint0_vector_register
                0x0000000020011326       0x28 /mnt/usb2/e_sdk/freedom-e-sdk/bsp/sifive-hifive1-revb/install/lib/debug//libmetal.a(riscv_clint0.o)
                0x0000000020011326                __metal_driver_riscv_clint0_vector_register
 .text.__metal_driver_riscv_clint0_get_vector_mode
                0x000000002001134e       0x1c /mnt/usb2/e_sdk/freedom-e-sdk/bsp/sifive-hifive1-revb/install/lib/debug//libmetal.a(riscv_clint0.o)
                0x000000002001134e                __metal_driver_riscv_clint0_get_vector_mode
 .text.__metal_driver_riscv_clint0_set_vector_mode
                0x000000002001136a       0x58 /mnt/usb2/e_sdk/freedom-e-sdk/bsp/sifive-hifive1-revb/install/lib/debug//libmetal.a(riscv_clint0.o)
                0x000000002001136a                __metal_driver_riscv_clint0_set_vector_mode
 .text.__metal_driver_riscv_clint0_enable
                0x00000000200113c2       0xb2 /mnt/usb2/e_sdk/freedom-e-sdk/bsp/sifive-hifive1-revb/install/lib/debug//libmetal.a(riscv_clint0.o)
                0x00000000200113c2                __metal_driver_riscv_clint0_enable
 .text.__metal_driver_riscv_clint0_disable
                0x0000000020011474       0xb2 /mnt/usb2/e_sdk/freedom-e-sdk/bsp/sifive-hifive1-revb/install/lib/debug//libmetal.a(riscv_clint0.o)
                0x0000000020011474                __metal_driver_riscv_clint0_disable
 .text.__metal_driver_riscv_clint0_command_request
                0x0000000020011526      0x132 /mnt/usb2/e_sdk/freedom-e-sdk/bsp/sifive-hifive1-revb/install/lib/debug//libmetal.a(riscv_clint0.o)
                0x0000000020011526                __metal_driver_riscv_clint0_command_request
 .text.__metal_driver_riscv_clint0_clear_interrupt
                0x0000000020011658       0x34 /mnt/usb2/e_sdk/freedom-e-sdk/bsp/sifive-hifive1-revb/install/lib/debug//libmetal.a(riscv_clint0.o)
                0x0000000020011658                __metal_driver_riscv_clint0_clear_interrupt
 .text.__metal_driver_riscv_clint0_set_interrupt
                0x000000002001168c       0x34 /mnt/usb2/e_sdk/freedom-e-sdk/bsp/sifive-hifive1-revb/install/lib/debug//libmetal.a(riscv_clint0.o)
                0x000000002001168c                __metal_driver_riscv_clint0_set_interrupt
 .text.__metal_driver_cpu_hartid
                0x00000000200116c0       0x28 /mnt/usb2/e_sdk/freedom-e-sdk/bsp/sifive-hifive1-revb/install/lib/debug//libmetal.a(riscv_cpu.o)
 .text.__metal_driver_cpu_timebase
                0x00000000200116e8       0x2e /mnt/usb2/e_sdk/freedom-e-sdk/bsp/sifive-hifive1-revb/install/lib/debug//libmetal.a(riscv_cpu.o)
 .text.__metal_driver_cpu_interrupt_controller
                0x0000000020011716       0x2e /mnt/usb2/e_sdk/freedom-e-sdk/bsp/sifive-hifive1-revb/install/lib/debug//libmetal.a(riscv_cpu.o)
 .text.__metal_driver_cpu_buserror
                0x0000000020011744       0x28 /mnt/usb2/e_sdk/freedom-e-sdk/bsp/sifive-hifive1-revb/install/lib/debug//libmetal.a(riscv_cpu.o)
 .text.__metal_driver_cpu_get
                0x000000002001176c       0x30 /mnt/usb2/e_sdk/freedom-e-sdk/bsp/sifive-hifive1-revb/install/lib/debug//libmetal.a(riscv_cpu.o)
                0x000000002001176c                __metal_driver_cpu_get
 .text.__metal_myhart_id
                0x000000002001179c       0x1a /mnt/usb2/e_sdk/freedom-e-sdk/bsp/sifive-hifive1-revb/install/lib/debug//libmetal.a(riscv_cpu.o)
                0x000000002001179c                __metal_myhart_id
 .text.__metal_interrupt_global_enable
                0x00000000200117b6       0x18 /mnt/usb2/e_sdk/freedom-e-sdk/bsp/sifive-hifive1-revb/install/lib/debug//libmetal.a(riscv_cpu.o)
                0x00000000200117b6                __metal_interrupt_global_enable
 .text.__metal_interrupt_global_disable
                0x00000000200117ce       0x18 /mnt/usb2/e_sdk/freedom-e-sdk/bsp/sifive-hifive1-revb/install/lib/debug//libmetal.a(riscv_cpu.o)
                0x00000000200117ce                __metal_interrupt_global_disable
 .text.__metal_interrupt_software_enable
                0x00000000200117e6       0x18 /mnt/usb2/e_sdk/freedom-e-sdk/bsp/sifive-hifive1-revb/install/lib/debug//libmetal.a(riscv_cpu.o)
                0x00000000200117e6                __metal_interrupt_software_enable
 .text.__metal_interrupt_software_disable
                0x00000000200117fe       0x18 /mnt/usb2/e_sdk/freedom-e-sdk/bsp/sifive-hifive1-revb/install/lib/debug//libmetal.a(riscv_cpu.o)
                0x00000000200117fe                __metal_interrupt_software_disable
 .text.__metal_interrupt_timer_enable
                0x0000000020011816       0x1a /mnt/usb2/e_sdk/freedom-e-sdk/bsp/sifive-hifive1-revb/install/lib/debug//libmetal.a(riscv_cpu.o)
                0x0000000020011816                __metal_interrupt_timer_enable
 .text.__metal_interrupt_timer_disable
                0x0000000020011830       0x1a /mnt/usb2/e_sdk/freedom-e-sdk/bsp/sifive-hifive1-revb/install/lib/debug//libmetal.a(riscv_cpu.o)
                0x0000000020011830                __metal_interrupt_timer_disable
 .text.__metal_interrupt_external_enable
                0x000000002001184a       0x1c /mnt/usb2/e_sdk/freedom-e-sdk/bsp/sifive-hifive1-revb/install/lib/debug//libmetal.a(riscv_cpu.o)
                0x000000002001184a                __metal_interrupt_external_enable
 .text.__metal_interrupt_external_disable
                0x0000000020011866       0x1c /mnt/usb2/e_sdk/freedom-e-sdk/bsp/sifive-hifive1-revb/install/lib/debug//libmetal.a(riscv_cpu.o)
                0x0000000020011866                __metal_interrupt_external_disable
 .text.__metal_interrupt_local_enable
                0x0000000020011882       0x2c /mnt/usb2/e_sdk/freedom-e-sdk/bsp/sifive-hifive1-revb/install/lib/debug//libmetal.a(riscv_cpu.o)
                0x0000000020011882                __metal_interrupt_local_enable
 .text.__metal_interrupt_local_disable
                0x00000000200118ae       0x2c /mnt/usb2/e_sdk/freedom-e-sdk/bsp/sifive-hifive1-revb/install/lib/debug//libmetal.a(riscv_cpu.o)
                0x00000000200118ae                __metal_interrupt_local_disable
 .text.__metal_default_exception_handler
                0x00000000200118da       0x18 /mnt/usb2/e_sdk/freedom-e-sdk/bsp/sifive-hifive1-revb/install/lib/debug//libmetal.a(riscv_cpu.o)
                0x00000000200118da                __metal_default_exception_handler
 .text.__metal_default_interrupt_handler
                0x00000000200118f2       0x18 /mnt/usb2/e_sdk/freedom-e-sdk/bsp/sifive-hifive1-revb/install/lib/debug//libmetal.a(riscv_cpu.o)
                0x00000000200118f2                __metal_default_interrupt_handler
 .text.metal_interrupt_vector_handler
                0x000000002001190a       0x2e /mnt/usb2/e_sdk/freedom-e-sdk/bsp/sifive-hifive1-revb/install/lib/debug//libmetal.a(riscv_cpu.o)
                0x000000002001190a                metal_interrupt_vector_handler
 .text.metal_software_interrupt_vector_handler
                0x0000000020011938       0x92 /mnt/usb2/e_sdk/freedom-e-sdk/bsp/sifive-hifive1-revb/install/lib/debug//libmetal.a(riscv_cpu.o)
                0x0000000020011938                metal_software_interrupt_vector_handler
 .text.__metal_default_sw_handler
                0x00000000200119ca       0x68 /mnt/usb2/e_sdk/freedom-e-sdk/bsp/sifive-hifive1-revb/install/lib/debug//libmetal.a(riscv_cpu.o)
                0x00000000200119ca                __metal_default_sw_handler
 .text.metal_timer_interrupt_vector_handler
                0x0000000020011a32       0x92 /mnt/usb2/e_sdk/freedom-e-sdk/bsp/sifive-hifive1-revb/install/lib/debug//libmetal.a(riscv_cpu.o)
                0x0000000020011a32                metal_timer_interrupt_vector_handler
 .text.__metal_default_beu_handler
                0x0000000020011ac4       0x16 /mnt/usb2/e_sdk/freedom-e-sdk/bsp/sifive-hifive1-revb/install/lib/debug//libmetal.a(riscv_cpu.o)
                0x0000000020011ac4                __metal_default_beu_handler
 .text.__metal_default_timer_handler
                0x0000000020011ada       0x66 /mnt/usb2/e_sdk/freedom-e-sdk/bsp/sifive-hifive1-revb/install/lib/debug//libmetal.a(riscv_cpu.o)
                0x0000000020011ada                __metal_default_timer_handler
 *fill*         0x0000000020011b40       0x40 
 .text.__metal_exception_handler
                0x0000000020011b80      0x1f6 /mnt/usb2/e_sdk/freedom-e-sdk/bsp/sifive-hifive1-revb/install/lib/debug//libmetal.a(riscv_cpu.o)
                0x0000000020011b80                __metal_exception_handler
 .text.metal_lc0_interrupt_vector_handler
                0x0000000020011d76       0x94 /mnt/usb2/e_sdk/freedom-e-sdk/bsp/sifive-hifive1-revb/install/lib/debug//libmetal.a(riscv_cpu.o)
                0x0000000020011d76                metal_lc0_interrupt_vector_handler
 .text.metal_lc1_interrupt_vector_handler
                0x0000000020011e0a       0x96 /mnt/usb2/e_sdk/freedom-e-sdk/bsp/sifive-hifive1-revb/install/lib/debug//libmetal.a(riscv_cpu.o)
                0x0000000020011e0a                metal_lc1_interrupt_vector_handler
 .text.metal_lc2_interrupt_vector_handler
                0x0000000020011ea0       0x96 /mnt/usb2/e_sdk/freedom-e-sdk/bsp/sifive-hifive1-revb/install/lib/debug//libmetal.a(riscv_cpu.o)
                0x0000000020011ea0                metal_lc2_interrupt_vector_handler
 .text.metal_lc3_interrupt_vector_handler
                0x0000000020011f36       0x96 /mnt/usb2/e_sdk/freedom-e-sdk/bsp/sifive-hifive1-revb/install/lib/debug//libmetal.a(riscv_cpu.o)
                0x0000000020011f36                metal_lc3_interrupt_vector_handler
 .text.metal_lc4_interrupt_vector_handler
                0x0000000020011fcc       0x96 /mnt/usb2/e_sdk/freedom-e-sdk/bsp/sifive-hifive1-revb/install/lib/debug//libmetal.a(riscv_cpu.o)
                0x0000000020011fcc                metal_lc4_interrupt_vector_handler
 .text.metal_lc5_interrupt_vector_handler
                0x0000000020012062       0x96 /mnt/usb2/e_sdk/freedom-e-sdk/bsp/sifive-hifive1-revb/install/lib/debug//libmetal.a(riscv_cpu.o)
                0x0000000020012062                metal_lc5_interrupt_vector_handler
 .text.metal_lc6_interrupt_vector_handler
                0x00000000200120f8       0x96 /mnt/usb2/e_sdk/freedom-e-sdk/bsp/sifive-hifive1-revb/install/lib/debug//libmetal.a(riscv_cpu.o)
                0x00000000200120f8                metal_lc6_interrupt_vector_handler
 .text.metal_lc7_interrupt_vector_handler
                0x000000002001218e       0x96 /mnt/usb2/e_sdk/freedom-e-sdk/bsp/sifive-hifive1-revb/install/lib/debug//libmetal.a(riscv_cpu.o)
                0x000000002001218e                metal_lc7_interrupt_vector_handler
 .text.metal_lc8_interrupt_vector_handler
                0x0000000020012224       0x96 /mnt/usb2/e_sdk/freedom-e-sdk/bsp/sifive-hifive1-revb/install/lib/debug//libmetal.a(riscv_cpu.o)
                0x0000000020012224                metal_lc8_interrupt_vector_handler
 .text.metal_lc9_interrupt_vector_handler
                0x00000000200122ba       0x96 /mnt/usb2/e_sdk/freedom-e-sdk/bsp/sifive-hifive1-revb/install/lib/debug//libmetal.a(riscv_cpu.o)
                0x00000000200122ba                metal_lc9_interrupt_vector_handler
 .text.metal_lc10_interrupt_vector_handler
                0x0000000020012350       0x96 /mnt/usb2/e_sdk/freedom-e-sdk/bsp/sifive-hifive1-revb/install/lib/debug//libmetal.a(riscv_cpu.o)
                0x0000000020012350                metal_lc10_interrupt_vector_handler
 .text.metal_lc11_interrupt_vector_handler
                0x00000000200123e6       0x96 /mnt/usb2/e_sdk/freedom-e-sdk/bsp/sifive-hifive1-revb/install/lib/debug//libmetal.a(riscv_cpu.o)
                0x00000000200123e6                metal_lc11_interrupt_vector_handler
 .text.metal_lc12_interrupt_vector_handler
                0x000000002001247c       0x96 /mnt/usb2/e_sdk/freedom-e-sdk/bsp/sifive-hifive1-revb/install/lib/debug//libmetal.a(riscv_cpu.o)
                0x000000002001247c                metal_lc12_interrupt_vector_handler
 .text.metal_lc13_interrupt_vector_handler
                0x0000000020012512       0x96 /mnt/usb2/e_sdk/freedom-e-sdk/bsp/sifive-hifive1-revb/install/lib/debug//libmetal.a(riscv_cpu.o)
                0x0000000020012512                metal_lc13_interrupt_vector_handler
 .text.metal_lc14_interrupt_vector_handler
                0x00000000200125a8       0x96 /mnt/usb2/e_sdk/freedom-e-sdk/bsp/sifive-hifive1-revb/install/lib/debug//libmetal.a(riscv_cpu.o)
                0x00000000200125a8                metal_lc14_interrupt_vector_handler
 .text.metal_lc15_interrupt_vector_handler
                0x000000002001263e       0x96 /mnt/usb2/e_sdk/freedom-e-sdk/bsp/sifive-hifive1-revb/install/lib/debug//libmetal.a(riscv_cpu.o)
                0x000000002001263e                metal_lc15_interrupt_vector_handler
 .text.__metal_controller_interrupt_vector_mode
                0x00000000200126d4       0x50 /mnt/usb2/e_sdk/freedom-e-sdk/bsp/sifive-hifive1-revb/install/lib/debug//libmetal.a(riscv_cpu.o)
                0x00000000200126d4                __metal_controller_interrupt_vector_mode
 .text.__metal_controller_interrupt_vector
                0x0000000020012724       0x98 /mnt/usb2/e_sdk/freedom-e-sdk/bsp/sifive-hifive1-revb/install/lib/debug//libmetal.a(riscv_cpu.o)
                0x0000000020012724                __metal_controller_interrupt_vector
 .text.__metal_valid_interrupt_id
                0x00000000200127bc       0x64 /mnt/usb2/e_sdk/freedom-e-sdk/bsp/sifive-hifive1-revb/install/lib/debug//libmetal.a(riscv_cpu.o)
                0x00000000200127bc                __metal_valid_interrupt_id
 .text.__metal_local_interrupt_enable
                0x0000000020012820       0xbc /mnt/usb2/e_sdk/freedom-e-sdk/bsp/sifive-hifive1-revb/install/lib/debug//libmetal.a(riscv_cpu.o)
                0x0000000020012820                __metal_local_interrupt_enable
 .text.__metal_exception_register
                0x00000000200128dc       0x4e /mnt/usb2/e_sdk/freedom-e-sdk/bsp/sifive-hifive1-revb/install/lib/debug//libmetal.a(riscv_cpu.o)
                0x00000000200128dc                __metal_exception_register
 .text.__metal_driver_riscv_cpu_controller_interrupt_init
                0x000000002001292a       0xe2 /mnt/usb2/e_sdk/freedom-e-sdk/bsp/sifive-hifive1-revb/install/lib/debug//libmetal.a(riscv_cpu.o)
                0x000000002001292a                __metal_driver_riscv_cpu_controller_interrupt_init
 .text.__metal_driver_riscv_cpu_controller_interrupt_register
                0x0000000020012a0c      0x1d6 /mnt/usb2/e_sdk/freedom-e-sdk/bsp/sifive-hifive1-revb/install/lib/debug//libmetal.a(riscv_cpu.o)
                0x0000000020012a0c                __metal_driver_riscv_cpu_controller_interrupt_register
 .text.__metal_driver_riscv_cpu_controller_interrupt_enable
                0x0000000020012be2       0x2a /mnt/usb2/e_sdk/freedom-e-sdk/bsp/sifive-hifive1-revb/install/lib/debug//libmetal.a(riscv_cpu.o)
                0x0000000020012be2                __metal_driver_riscv_cpu_controller_interrupt_enable
 .text.__metal_driver_riscv_cpu_controller_interrupt_disable
                0x0000000020012c0c       0x2a /mnt/usb2/e_sdk/freedom-e-sdk/bsp/sifive-hifive1-revb/install/lib/debug//libmetal.a(riscv_cpu.o)
                0x0000000020012c0c                __metal_driver_riscv_cpu_controller_interrupt_disable
 .text.__metal_driver_riscv_cpu_controller_get_vector_mode
                0x0000000020012c36       0x1a /mnt/usb2/e_sdk/freedom-e-sdk/bsp/sifive-hifive1-revb/install/lib/debug//libmetal.a(riscv_cpu.o)
                0x0000000020012c36                __metal_driver_riscv_cpu_controller_get_vector_mode
 .text.__metal_driver_riscv_cpu_controller_set_vector_mode
                0x0000000020012c50       0x50 /mnt/usb2/e_sdk/freedom-e-sdk/bsp/sifive-hifive1-revb/install/lib/debug//libmetal.a(riscv_cpu.o)
                0x0000000020012c50                __metal_driver_riscv_cpu_controller_set_vector_mode
 .text.__metal_driver_riscv_cpu_controller_command_request
                0x0000000020012ca0       0x1c /mnt/usb2/e_sdk/freedom-e-sdk/bsp/sifive-hifive1-revb/install/lib/debug//libmetal.a(riscv_cpu.o)
                0x0000000020012ca0                __metal_driver_riscv_cpu_controller_command_request
 .text.__metal_driver_cpu_mcycle_get
                0x0000000020012cbc       0x72 /mnt/usb2/e_sdk/freedom-e-sdk/bsp/sifive-hifive1-revb/install/lib/debug//libmetal.a(riscv_cpu.o)
                0x0000000020012cbc                __metal_driver_cpu_mcycle_get
 .text.__metal_driver_cpu_timebase_get
                0x0000000020012d2e       0x46 /mnt/usb2/e_sdk/freedom-e-sdk/bsp/sifive-hifive1-revb/install/lib/debug//libmetal.a(riscv_cpu.o)
                0x0000000020012d2e                __metal_driver_cpu_timebase_get
 .text.__metal_driver_cpu_mtime_get
                0x0000000020012d74       0x66 /mnt/usb2/e_sdk/freedom-e-sdk/bsp/sifive-hifive1-revb/install/lib/debug//libmetal.a(riscv_cpu.o)
                0x0000000020012d74                __metal_driver_cpu_mtime_get
 .text.__metal_driver_cpu_mtimecmp_set
                0x0000000020012dda       0x76 /mnt/usb2/e_sdk/freedom-e-sdk/bsp/sifive-hifive1-revb/install/lib/debug//libmetal.a(riscv_cpu.o)
                0x0000000020012dda                __metal_driver_cpu_mtimecmp_set
 .text.__metal_driver_cpu_timer_controller_interrupt
                0x0000000020012e50       0x1a /mnt/usb2/e_sdk/freedom-e-sdk/bsp/sifive-hifive1-revb/install/lib/debug//libmetal.a(riscv_cpu.o)
                0x0000000020012e50                __metal_driver_cpu_timer_controller_interrupt
 .text.__metal_driver_cpu_get_timer_interrupt_id
                0x0000000020012e6a       0x14 /mnt/usb2/e_sdk/freedom-e-sdk/bsp/sifive-hifive1-revb/install/lib/debug//libmetal.a(riscv_cpu.o)
                0x0000000020012e6a                __metal_driver_cpu_get_timer_interrupt_id
 .text.__metal_driver_cpu_sw_controller_interrupt
                0x0000000020012e7e       0x1a /mnt/usb2/e_sdk/freedom-e-sdk/bsp/sifive-hifive1-revb/install/lib/debug//libmetal.a(riscv_cpu.o)
                0x0000000020012e7e                __metal_driver_cpu_sw_controller_interrupt
 .text.__metal_driver_cpu_get_sw_interrupt_id
                0x0000000020012e98       0x14 /mnt/usb2/e_sdk/freedom-e-sdk/bsp/sifive-hifive1-revb/install/lib/debug//libmetal.a(riscv_cpu.o)
                0x0000000020012e98                __metal_driver_cpu_get_sw_interrupt_id
 .text.__metal_driver_cpu_set_sw_ipi
                0x0000000020012eac       0x62 /mnt/usb2/e_sdk/freedom-e-sdk/bsp/sifive-hifive1-revb/install/lib/debug//libmetal.a(riscv_cpu.o)
                0x0000000020012eac                __metal_driver_cpu_set_sw_ipi
 .text.__metal_driver_cpu_clear_sw_ipi
                0x0000000020012f0e       0x62 /mnt/usb2/e_sdk/freedom-e-sdk/bsp/sifive-hifive1-revb/install/lib/debug//libmetal.a(riscv_cpu.o)
                0x0000000020012f0e                __metal_driver_cpu_clear_sw_ipi
 .text.__metal_driver_cpu_get_msip
                0x0000000020012f70       0x60 /mnt/usb2/e_sdk/freedom-e-sdk/bsp/sifive-hifive1-revb/install/lib/debug//libmetal.a(riscv_cpu.o)
                0x0000000020012f70                __metal_driver_cpu_get_msip
 .text.__metal_driver_cpu_controller_interrupt
                0x0000000020012fd0       0x20 /mnt/usb2/e_sdk/freedom-e-sdk/bsp/sifive-hifive1-revb/install/lib/debug//libmetal.a(riscv_cpu.o)
                0x0000000020012fd0                __metal_driver_cpu_controller_interrupt
 .text.__metal_driver_cpu_exception_register
                0x0000000020012ff0       0x46 /mnt/usb2/e_sdk/freedom-e-sdk/bsp/sifive-hifive1-revb/install/lib/debug//libmetal.a(riscv_cpu.o)
                0x0000000020012ff0                __metal_driver_cpu_exception_register
 .text.__metal_driver_cpu_get_instruction_length
                0x0000000020013036       0x2e /mnt/usb2/e_sdk/freedom-e-sdk/bsp/sifive-hifive1-revb/install/lib/debug//libmetal.a(riscv_cpu.o)
                0x0000000020013036                __metal_driver_cpu_get_instruction_length
 .text.__metal_driver_cpu_get_exception_pc
                0x0000000020013064       0x1e /mnt/usb2/e_sdk/freedom-e-sdk/bsp/sifive-hifive1-revb/install/lib/debug//libmetal.a(riscv_cpu.o)
                0x0000000020013064                __metal_driver_cpu_get_exception_pc
 .text.__metal_driver_cpu_set_exception_pc
                0x0000000020013082       0x20 /mnt/usb2/e_sdk/freedom-e-sdk/bsp/sifive-hifive1-revb/install/lib/debug//libmetal.a(riscv_cpu.o)
                0x0000000020013082                __metal_driver_cpu_set_exception_pc
 .text.__metal_driver_cpu_get_buserror
                0x00000000200130a2       0x20 /mnt/usb2/e_sdk/freedom-e-sdk/bsp/sifive-hifive1-revb/install/lib/debug//libmetal.a(riscv_cpu.o)
                0x00000000200130a2                __metal_driver_cpu_get_buserror
 .text.__metal_driver_sifive_plic0_control_base
                0x00000000200130c2       0x2a /mnt/usb2/e_sdk/freedom-e-sdk/bsp/sifive-hifive1-revb/install/lib/debug//libmetal.a(riscv_plic0.o)
 .text.__metal_driver_sifive_plic0_num_interrupts
                0x00000000200130ec       0x2a /mnt/usb2/e_sdk/freedom-e-sdk/bsp/sifive-hifive1-revb/install/lib/debug//libmetal.a(riscv_plic0.o)
 .text.__metal_driver_sifive_plic0_max_priority
                0x0000000020013116       0x28 /mnt/usb2/e_sdk/freedom-e-sdk/bsp/sifive-hifive1-revb/install/lib/debug//libmetal.a(riscv_plic0.o)
 .text.__metal_driver_sifive_plic0_interrupt_parents
                0x000000002001313e       0x28 /mnt/usb2/e_sdk/freedom-e-sdk/bsp/sifive-hifive1-revb/install/lib/debug//libmetal.a(riscv_plic0.o)
 .text.__metal_driver_sifive_plic0_interrupt_lines
                0x0000000020013166       0x22 /mnt/usb2/e_sdk/freedom-e-sdk/bsp/sifive-hifive1-revb/install/lib/debug//libmetal.a(riscv_plic0.o)
 .text.__metal_driver_sifive_plic0_context_ids
                0x0000000020013188       0x1e /mnt/usb2/e_sdk/freedom-e-sdk/bsp/sifive-hifive1-revb/install/lib/debug//libmetal.a(riscv_plic0.o)
 .text.__metal_plic0_claim_interrupt
                0x00000000200131a6       0x3c /mnt/usb2/e_sdk/freedom-e-sdk/bsp/sifive-hifive1-revb/install/lib/debug//libmetal.a(riscv_plic0.o)
                0x00000000200131a6                __metal_plic0_claim_interrupt
 .text.__metal_plic0_complete_interrupt
                0x00000000200131e2       0x46 /mnt/usb2/e_sdk/freedom-e-sdk/bsp/sifive-hifive1-revb/install/lib/debug//libmetal.a(riscv_plic0.o)
                0x00000000200131e2                __metal_plic0_complete_interrupt
 .text.__metal_plic0_set_threshold
                0x0000000020013228       0x46 /mnt/usb2/e_sdk/freedom-e-sdk/bsp/sifive-hifive1-revb/install/lib/debug//libmetal.a(riscv_plic0.o)
                0x0000000020013228                __metal_plic0_set_threshold
 .text.__metal_plic0_get_threshold
                0x000000002001326e       0x3a /mnt/usb2/e_sdk/freedom-e-sdk/bsp/sifive-hifive1-revb/install/lib/debug//libmetal.a(riscv_plic0.o)
                0x000000002001326e                __metal_plic0_get_threshold
 .text.__metal_driver_riscv_plic0_set_priority
                0x00000000200132a8       0x62 /mnt/usb2/e_sdk/freedom-e-sdk/bsp/sifive-hifive1-revb/install/lib/debug//libmetal.a(riscv_plic0.o)
                0x00000000200132a8                __metal_driver_riscv_plic0_set_priority
 .text.__metal_driver_riscv_plic0_get_priority
                0x000000002001330a       0x34 /mnt/usb2/e_sdk/freedom-e-sdk/bsp/sifive-hifive1-revb/install/lib/debug//libmetal.a(riscv_plic0.o)
                0x000000002001330a                __metal_driver_riscv_plic0_get_priority
 .text.__metal_plic0_enable
                0x000000002001333e       0xa2 /mnt/usb2/e_sdk/freedom-e-sdk/bsp/sifive-hifive1-revb/install/lib/debug//libmetal.a(riscv_plic0.o)
                0x000000002001333e                __metal_plic0_enable
 .text.__metal_plic0_default_handler
                0x00000000200133e0       0x18 /mnt/usb2/e_sdk/freedom-e-sdk/bsp/sifive-hifive1-revb/install/lib/debug//libmetal.a(riscv_plic0.o)
                0x00000000200133e0                __metal_plic0_default_handler
 .text.__metal_plic0_handler
                0x00000000200133f8       0xa4 /mnt/usb2/e_sdk/freedom-e-sdk/bsp/sifive-hifive1-revb/install/lib/debug//libmetal.a(riscv_plic0.o)
                0x00000000200133f8                __metal_plic0_handler
 .text.__metal_driver_riscv_plic0_init
                0x000000002001349c      0x150 /mnt/usb2/e_sdk/freedom-e-sdk/bsp/sifive-hifive1-revb/install/lib/debug//libmetal.a(riscv_plic0.o)
                0x000000002001349c                __metal_driver_riscv_plic0_init
 .text.__metal_driver_riscv_plic0_register
                0x00000000200135ec       0xbc /mnt/usb2/e_sdk/freedom-e-sdk/bsp/sifive-hifive1-revb/install/lib/debug//libmetal.a(riscv_plic0.o)
                0x00000000200135ec                __metal_driver_riscv_plic0_register
 .text.__metal_driver_riscv_plic0_enable
                0x00000000200136a8       0x4e /mnt/usb2/e_sdk/freedom-e-sdk/bsp/sifive-hifive1-revb/install/lib/debug//libmetal.a(riscv_plic0.o)
                0x00000000200136a8                __metal_driver_riscv_plic0_enable
 .text.__metal_driver_riscv_plic0_disable
                0x00000000200136f6       0x4e /mnt/usb2/e_sdk/freedom-e-sdk/bsp/sifive-hifive1-revb/install/lib/debug//libmetal.a(riscv_plic0.o)
                0x00000000200136f6                __metal_driver_riscv_plic0_disable
 .text.__metal_driver_riscv_plic0_set_threshold
                0x0000000020013744       0x2e /mnt/usb2/e_sdk/freedom-e-sdk/bsp/sifive-hifive1-revb/install/lib/debug//libmetal.a(riscv_plic0.o)
                0x0000000020013744                __metal_driver_riscv_plic0_set_threshold
 .text.__metal_driver_riscv_plic0_get_threshold
                0x0000000020013772       0x26 /mnt/usb2/e_sdk/freedom-e-sdk/bsp/sifive-hifive1-revb/install/lib/debug//libmetal.a(riscv_plic0.o)
                0x0000000020013772                __metal_driver_riscv_plic0_get_threshold
 .text.__metal_driver_riscv_plic0_affinity_enable
                0x0000000020013798       0x9a /mnt/usb2/e_sdk/freedom-e-sdk/bsp/sifive-hifive1-revb/install/lib/debug//libmetal.a(riscv_plic0.o)
                0x0000000020013798                __metal_driver_riscv_plic0_affinity_enable
 .text.__metal_driver_riscv_plic0_affinity_disable
                0x0000000020013832       0x9c /mnt/usb2/e_sdk/freedom-e-sdk/bsp/sifive-hifive1-revb/install/lib/debug//libmetal.a(riscv_plic0.o)
                0x0000000020013832                __metal_driver_riscv_plic0_affinity_disable
 .text.__metal_driver_riscv_plic0_affinity_set_threshold
                0x00000000200138ce       0x74 /mnt/usb2/e_sdk/freedom-e-sdk/bsp/sifive-hifive1-revb/install/lib/debug//libmetal.a(riscv_plic0.o)
                0x00000000200138ce                __metal_driver_riscv_plic0_affinity_set_threshold
 .text.__metal_driver_riscv_plic0_affinity_get_threshold
                0x0000000020013942       0x28 /mnt/usb2/e_sdk/freedom-e-sdk/bsp/sifive-hifive1-revb/install/lib/debug//libmetal.a(riscv_plic0.o)
                0x0000000020013942                __metal_driver_riscv_plic0_affinity_get_threshold
 .text.__metal_driver_sifive_fe310_g000_hfrosc_ref
                0x000000002001396a       0x1a /mnt/usb2/e_sdk/freedom-e-sdk/bsp/sifive-hifive1-revb/install/lib/debug//libmetal.a(sifive_fe310-g000_hfrosc.o)
 .text.__metal_driver_sifive_fe310_g000_hfrosc_config_base
                0x0000000020013984       0x16 /mnt/usb2/e_sdk/freedom-e-sdk/bsp/sifive-hifive1-revb/install/lib/debug//libmetal.a(sifive_fe310-g000_hfrosc.o)
 .text.__metal_driver_sifive_fe310_g000_hfrosc_config_offset
                0x000000002001399a       0x14 /mnt/usb2/e_sdk/freedom-e-sdk/bsp/sifive-hifive1-revb/install/lib/debug//libmetal.a(sifive_fe310-g000_hfrosc.o)
 .text.__metal_driver_sifive_fe310_g000_prci_vtable
                0x00000000200139ae       0x12 /mnt/usb2/e_sdk/freedom-e-sdk/bsp/sifive-hifive1-revb/install/lib/debug//libmetal.a(sifive_fe310-g000_hfrosc.o)
 .text.__metal_driver_sifive_fe310_g000_hfrosc_get_rate_hz
                0x00000000200139c0       0x84 /mnt/usb2/e_sdk/freedom-e-sdk/bsp/sifive-hifive1-revb/install/lib/debug//libmetal.a(sifive_fe310-g000_hfrosc.o)
                0x00000000200139c0                __metal_driver_sifive_fe310_g000_hfrosc_get_rate_hz
 .text.__metal_driver_sifive_fe310_g000_hfrosc_set_rate_hz
                0x0000000020013a44       0x22 /mnt/usb2/e_sdk/freedom-e-sdk/bsp/sifive-hifive1-revb/install/lib/debug//libmetal.a(sifive_fe310-g000_hfrosc.o)
                0x0000000020013a44                __metal_driver_sifive_fe310_g000_hfrosc_set_rate_hz
 .text.__metal_driver_sifive_fe310_g000_hfxosc_ref
                0x0000000020013a66       0x1a /mnt/usb2/e_sdk/freedom-e-sdk/bsp/sifive-hifive1-revb/install/lib/debug//libmetal.a(sifive_fe310-g000_hfxosc.o)
 .text.__metal_driver_sifive_fe310_g000_hfxosc_config_base
                0x0000000020013a80       0x16 /mnt/usb2/e_sdk/freedom-e-sdk/bsp/sifive-hifive1-revb/install/lib/debug//libmetal.a(sifive_fe310-g000_hfxosc.o)
 .text.__metal_driver_sifive_fe310_g000_hfxosc_config_offset
                0x0000000020013a96       0x14 /mnt/usb2/e_sdk/freedom-e-sdk/bsp/sifive-hifive1-revb/install/lib/debug//libmetal.a(sifive_fe310-g000_hfxosc.o)
 .text.__metal_driver_sifive_fe310_g000_prci_vtable
                0x0000000020013aaa       0x12 /mnt/usb2/e_sdk/freedom-e-sdk/bsp/sifive-hifive1-revb/install/lib/debug//libmetal.a(sifive_fe310-g000_hfxosc.o)
 .text.__metal_driver_sifive_fe310_g000_hfxosc_get_rate_hz
                0x0000000020013abc       0x74 /mnt/usb2/e_sdk/freedom-e-sdk/bsp/sifive-hifive1-revb/install/lib/debug//libmetal.a(sifive_fe310-g000_hfxosc.o)
                0x0000000020013abc                __metal_driver_sifive_fe310_g000_hfxosc_get_rate_hz
 .text.__metal_driver_sifive_fe310_g000_hfxosc_set_rate_hz
                0x0000000020013b30       0x22 /mnt/usb2/e_sdk/freedom-e-sdk/bsp/sifive-hifive1-revb/install/lib/debug//libmetal.a(sifive_fe310-g000_hfxosc.o)
                0x0000000020013b30                __metal_driver_sifive_fe310_g000_hfxosc_set_rate_hz
 .text.__metal_driver_sifive_fe310_g000_pll_pllsel0
                0x0000000020013b52       0x1a /mnt/usb2/e_sdk/freedom-e-sdk/bsp/sifive-hifive1-revb/install/lib/debug//libmetal.a(sifive_fe310-g000_pll.o)
 .text.__metal_driver_sifive_fe310_g000_pll_pllref
                0x0000000020013b6c       0x1a /mnt/usb2/e_sdk/freedom-e-sdk/bsp/sifive-hifive1-revb/install/lib/debug//libmetal.a(sifive_fe310-g000_pll.o)
 .text.__metal_driver_sifive_fe310_g000_pll_divider_base
                0x0000000020013b86       0x16 /mnt/usb2/e_sdk/freedom-e-sdk/bsp/sifive-hifive1-revb/install/lib/debug//libmetal.a(sifive_fe310-g000_pll.o)
 .text.__metal_driver_sifive_fe310_g000_pll_divider_offset
                0x0000000020013b9c       0x14 /mnt/usb2/e_sdk/freedom-e-sdk/bsp/sifive-hifive1-revb/install/lib/debug//libmetal.a(sifive_fe310-g000_pll.o)
 .text.__metal_driver_sifive_fe310_g000_pll_config_base
                0x0000000020013bb0       0x12 /mnt/usb2/e_sdk/freedom-e-sdk/bsp/sifive-hifive1-revb/install/lib/debug//libmetal.a(sifive_fe310-g000_pll.o)
 .text.__metal_driver_sifive_fe310_g000_pll_config_offset
                0x0000000020013bc2       0x10 /mnt/usb2/e_sdk/freedom-e-sdk/bsp/sifive-hifive1-revb/install/lib/debug//libmetal.a(sifive_fe310-g000_pll.o)
 .text.__metal_driver_sifive_fe310_g000_pll_init_rate
                0x0000000020013bd2       0x16 /mnt/usb2/e_sdk/freedom-e-sdk/bsp/sifive-hifive1-revb/install/lib/debug//libmetal.a(sifive_fe310-g000_pll.o)
 .text.__metal_driver_sifive_fe310_g000_prci_base
                0x0000000020013be8       0x12 /mnt/usb2/e_sdk/freedom-e-sdk/bsp/sifive-hifive1-revb/install/lib/debug//libmetal.a(sifive_fe310-g000_pll.o)
 .text.__metal_driver_sifive_fe310_g000_prci_vtable
                0x0000000020013bfa       0x12 /mnt/usb2/e_sdk/freedom-e-sdk/bsp/sifive-hifive1-revb/install/lib/debug//libmetal.a(sifive_fe310-g000_pll.o)
 .text.get_pll_config_freq
                0x0000000020013c0c       0x4e /mnt/usb2/e_sdk/freedom-e-sdk/bsp/sifive-hifive1-revb/install/lib/debug//libmetal.a(sifive_fe310-g000_pll.o)
 .text.__metal_driver_sifive_fe310_g000_pll_init
                0x0000000020013c5a       0xa4 /mnt/usb2/e_sdk/freedom-e-sdk/bsp/sifive-hifive1-revb/install/lib/debug//libmetal.a(sifive_fe310-g000_pll.o)
                0x0000000020013c5a                __metal_driver_sifive_fe310_g000_pll_init
 .text.__metal_driver_sifive_fe310_g000_pll_get_rate_hz
                0x0000000020013cfe      0x170 /mnt/usb2/e_sdk/freedom-e-sdk/bsp/sifive-hifive1-revb/install/lib/debug//libmetal.a(sifive_fe310-g000_pll.o)
                0x0000000020013cfe                __metal_driver_sifive_fe310_g000_pll_get_rate_hz
 .text.find_closest_config
                0x0000000020013e6e       0xaa /mnt/usb2/e_sdk/freedom-e-sdk/bsp/sifive-hifive1-revb/install/lib/debug//libmetal.a(sifive_fe310-g000_pll.o)
 .text.configure_pll
                0x0000000020013f18      0x1ac /mnt/usb2/e_sdk/freedom-e-sdk/bsp/sifive-hifive1-revb/install/lib/debug//libmetal.a(sifive_fe310-g000_pll.o)
 .text.__metal_driver_sifive_fe310_g000_pll_set_rate_hz
                0x00000000200140c4      0x162 /mnt/usb2/e_sdk/freedom-e-sdk/bsp/sifive-hifive1-revb/install/lib/debug//libmetal.a(sifive_fe310-g000_pll.o)
                0x00000000200140c4                __metal_driver_sifive_fe310_g000_pll_set_rate_hz
 .text.__metal_driver_sifive_fe310_g000_prci_base
                0x0000000020014226       0x12 /mnt/usb2/e_sdk/freedom-e-sdk/bsp/sifive-hifive1-revb/install/lib/debug//libmetal.a(sifive_fe310-g000_prci.o)
 .text.__metal_driver_sifive_fe310_g000_prci_get_reg
                0x0000000020014238       0x2e /mnt/usb2/e_sdk/freedom-e-sdk/bsp/sifive-hifive1-revb/install/lib/debug//libmetal.a(sifive_fe310-g000_prci.o)
                0x0000000020014238                __metal_driver_sifive_fe310_g000_prci_get_reg
 .text.__metal_driver_sifive_fe310_g000_prci_set_reg
                0x0000000020014266       0x38 /mnt/usb2/e_sdk/freedom-e-sdk/bsp/sifive-hifive1-revb/install/lib/debug//libmetal.a(sifive_fe310-g000_prci.o)
                0x0000000020014266                __metal_driver_sifive_fe310_g000_prci_set_reg
 .text.__metal_driver_sifive_gpio_led_gpio
                0x000000002001429e       0x4a /mnt/usb2/e_sdk/freedom-e-sdk/bsp/sifive-hifive1-revb/install/lib/debug//libmetal.a(sifive_gpio-leds.o)
 .text.__metal_driver_sifive_gpio_led_pin
                0x00000000200142e8       0x44 /mnt/usb2/e_sdk/freedom-e-sdk/bsp/sifive-hifive1-revb/install/lib/debug//libmetal.a(sifive_gpio-leds.o)
 .text.__metal_driver_sifive_gpio_led_label
                0x000000002001432c       0x5c /mnt/usb2/e_sdk/freedom-e-sdk/bsp/sifive-hifive1-revb/install/lib/debug//libmetal.a(sifive_gpio-leds.o)
 .text.__metal_driver_led_exist
                0x0000000020014388       0x36 /mnt/usb2/e_sdk/freedom-e-sdk/bsp/sifive-hifive1-revb/install/lib/debug//libmetal.a(sifive_gpio-leds.o)
                0x0000000020014388                __metal_driver_led_exist
 .text.__metal_driver_led_enable
                0x00000000200143be       0x48 /mnt/usb2/e_sdk/freedom-e-sdk/bsp/sifive-hifive1-revb/install/lib/debug//libmetal.a(sifive_gpio-leds.o)
                0x00000000200143be                __metal_driver_led_enable
 .text.__metal_driver_led_on
                0x0000000020014406       0x3e /mnt/usb2/e_sdk/freedom-e-sdk/bsp/sifive-hifive1-revb/install/lib/debug//libmetal.a(sifive_gpio-leds.o)
                0x0000000020014406                __metal_driver_led_on
 .text.__metal_driver_led_off
                0x0000000020014444       0x3e /mnt/usb2/e_sdk/freedom-e-sdk/bsp/sifive-hifive1-revb/install/lib/debug//libmetal.a(sifive_gpio-leds.o)
                0x0000000020014444                __metal_driver_led_off
 .text.__metal_driver_led_toggle
                0x0000000020014482       0x3c /mnt/usb2/e_sdk/freedom-e-sdk/bsp/sifive-hifive1-revb/install/lib/debug//libmetal.a(sifive_gpio-leds.o)
                0x0000000020014482                __metal_driver_led_toggle
 .text.__metal_driver_sifive_gpio0_base
                0x00000000200144be       0x26 /mnt/usb2/e_sdk/freedom-e-sdk/bsp/sifive-hifive1-revb/install/lib/debug//libmetal.a(sifive_gpio0.o)
 .text.__metal_driver_sifive_gpio0_interrupt_parent
                0x00000000200144e4       0x2a /mnt/usb2/e_sdk/freedom-e-sdk/bsp/sifive-hifive1-revb/install/lib/debug//libmetal.a(sifive_gpio0.o)
 .text.__metal_driver_sifive_gpio0_interrupt_lines
                0x000000002001450e      0x35e /mnt/usb2/e_sdk/freedom-e-sdk/bsp/sifive-hifive1-revb/install/lib/debug//libmetal.a(sifive_gpio0.o)
 .text.__metal_driver_sifive_gpio0_enable_input
                0x000000002001486c       0x40 /mnt/usb2/e_sdk/freedom-e-sdk/bsp/sifive-hifive1-revb/install/lib/debug//libmetal.a(sifive_gpio0.o)
                0x000000002001486c                __metal_driver_sifive_gpio0_enable_input
 .text.__metal_driver_sifive_gpio0_disable_input
                0x00000000200148ac       0x46 /mnt/usb2/e_sdk/freedom-e-sdk/bsp/sifive-hifive1-revb/install/lib/debug//libmetal.a(sifive_gpio0.o)
                0x00000000200148ac                __metal_driver_sifive_gpio0_disable_input
 .text.__metal_driver_sifive_gpio0_input
                0x00000000200148f2       0x2a /mnt/usb2/e_sdk/freedom-e-sdk/bsp/sifive-hifive1-revb/install/lib/debug//libmetal.a(sifive_gpio0.o)
                0x00000000200148f2                __metal_driver_sifive_gpio0_input
 .text.__metal_driver_sifive_gpio0_output
                0x000000002001491c       0x2c /mnt/usb2/e_sdk/freedom-e-sdk/bsp/sifive-hifive1-revb/install/lib/debug//libmetal.a(sifive_gpio0.o)
                0x000000002001491c                __metal_driver_sifive_gpio0_output
 .text.__metal_driver_sifive_gpio0_disable_output
                0x0000000020014948       0x46 /mnt/usb2/e_sdk/freedom-e-sdk/bsp/sifive-hifive1-revb/install/lib/debug//libmetal.a(sifive_gpio0.o)
                0x0000000020014948                __metal_driver_sifive_gpio0_disable_output
 .text.__metal_driver_sifive_gpio0_enable_output
                0x000000002001498e       0x40 /mnt/usb2/e_sdk/freedom-e-sdk/bsp/sifive-hifive1-revb/install/lib/debug//libmetal.a(sifive_gpio0.o)
                0x000000002001498e                __metal_driver_sifive_gpio0_enable_output
 .text.__metal_driver_sifive_gpio0_output_set
                0x00000000200149ce       0x40 /mnt/usb2/e_sdk/freedom-e-sdk/bsp/sifive-hifive1-revb/install/lib/debug//libmetal.a(sifive_gpio0.o)
                0x00000000200149ce                __metal_driver_sifive_gpio0_output_set
 .text.__metal_driver_sifive_gpio0_output_clear
                0x0000000020014a0e       0x46 /mnt/usb2/e_sdk/freedom-e-sdk/bsp/sifive-hifive1-revb/install/lib/debug//libmetal.a(sifive_gpio0.o)
                0x0000000020014a0e                __metal_driver_sifive_gpio0_output_clear
 .text.__metal_driver_sifive_gpio0_output_toggle
                0x0000000020014a54       0x40 /mnt/usb2/e_sdk/freedom-e-sdk/bsp/sifive-hifive1-revb/install/lib/debug//libmetal.a(sifive_gpio0.o)
                0x0000000020014a54                __metal_driver_sifive_gpio0_output_toggle
 .text.__metal_driver_sifive_gpio0_enable_io
                0x0000000020014a94       0x62 /mnt/usb2/e_sdk/freedom-e-sdk/bsp/sifive-hifive1-revb/install/lib/debug//libmetal.a(sifive_gpio0.o)
                0x0000000020014a94                __metal_driver_sifive_gpio0_enable_io
 .text.__metal_driver_sifive_gpio0_disable_io
                0x0000000020014af6       0x4a /mnt/usb2/e_sdk/freedom-e-sdk/bsp/sifive-hifive1-revb/install/lib/debug//libmetal.a(sifive_gpio0.o)
                0x0000000020014af6                __metal_driver_sifive_gpio0_disable_io
 .text.__metal_driver_sifive_gpio0_config_int
                0x0000000020014b40      0x206 /mnt/usb2/e_sdk/freedom-e-sdk/bsp/sifive-hifive1-revb/install/lib/debug//libmetal.a(sifive_gpio0.o)
                0x0000000020014b40                __metal_driver_sifive_gpio0_config_int
 .text.__metal_driver_sifive_gpio0_clear_int
                0x0000000020014d46      0x188 /mnt/usb2/e_sdk/freedom-e-sdk/bsp/sifive-hifive1-revb/install/lib/debug//libmetal.a(sifive_gpio0.o)
                0x0000000020014d46                __metal_driver_sifive_gpio0_clear_int
 .text.__metal_driver_gpio_interrupt_controller
                0x0000000020014ece       0x20 /mnt/usb2/e_sdk/freedom-e-sdk/bsp/sifive-hifive1-revb/install/lib/debug//libmetal.a(sifive_gpio0.o)
                0x0000000020014ece                __metal_driver_gpio_interrupt_controller
 .text.__metal_driver_gpio_get_interrupt_id
                0x0000000020014eee       0x2e /mnt/usb2/e_sdk/freedom-e-sdk/bsp/sifive-hifive1-revb/install/lib/debug//libmetal.a(sifive_gpio0.o)
                0x0000000020014eee                __metal_driver_gpio_get_interrupt_id
 .text._metal_clock_call_all_callbacks
                0x0000000020014f1c       0x40 /mnt/usb2/e_sdk/freedom-e-sdk/bsp/sifive-hifive1-revb/install/lib/debug//libmetal.a(clock.o)
                0x0000000020014f1c                _metal_clock_call_all_callbacks
 .text.metal_clock_get_rate_hz
                0x0000000020014f5c       0x26 /mnt/usb2/e_sdk/freedom-e-sdk/bsp/sifive-hifive1-revb/install/lib/debug//libmetal.a(clock.o)
                0x0000000020014f5c                metal_clock_get_rate_hz
 .text.metal_clock_set_rate_hz
                0x0000000020014f82       0x48 /mnt/usb2/e_sdk/freedom-e-sdk/bsp/sifive-hifive1-revb/install/lib/debug//libmetal.a(clock.o)
                0x0000000020014f82                metal_clock_set_rate_hz
 .text.metal_cpu_interrupt_controller
                0x0000000020014fca       0x26 /mnt/usb2/e_sdk/freedom-e-sdk/bsp/sifive-hifive1-revb/install/lib/debug//libmetal.a(cpu.o)
                0x0000000020014fca                metal_cpu_interrupt_controller
 .text.metal_cpu_get
                0x0000000020014ff0       0x2e /mnt/usb2/e_sdk/freedom-e-sdk/bsp/sifive-hifive1-revb/install/lib/debug//libmetal.a(cpu.o)
                0x0000000020014ff0                metal_cpu_get
 .text.metal_cpu_get_current_hartid
                0x000000002001501e       0x1a /mnt/usb2/e_sdk/freedom-e-sdk/bsp/sifive-hifive1-revb/install/lib/debug//libmetal.a(cpu.o)
                0x000000002001501e                metal_cpu_get_current_hartid
 .text.metal_gpio_disable_input
                0x0000000020015038       0x40 /mnt/usb2/e_sdk/freedom-e-sdk/bsp/sifive-hifive1-revb/install/lib/debug//libmetal.a(gpio.o)
                0x0000000020015038                metal_gpio_disable_input
 .text.metal_gpio_enable_output
                0x0000000020015078       0x40 /mnt/usb2/e_sdk/freedom-e-sdk/bsp/sifive-hifive1-revb/install/lib/debug//libmetal.a(gpio.o)
                0x0000000020015078                metal_gpio_enable_output
 .text.metal_gpio_set_pin
                0x00000000200150b8       0x68 /mnt/usb2/e_sdk/freedom-e-sdk/bsp/sifive-hifive1-revb/install/lib/debug//libmetal.a(gpio.o)
                0x00000000200150b8                metal_gpio_set_pin
 .text.metal_gpio_toggle_pin
                0x0000000020015120       0x40 /mnt/usb2/e_sdk/freedom-e-sdk/bsp/sifive-hifive1-revb/install/lib/debug//libmetal.a(gpio.o)
                0x0000000020015120                metal_gpio_toggle_pin
 .text.metal_interrupt_init
                0x0000000020015160       0x24 /mnt/usb2/e_sdk/freedom-e-sdk/bsp/sifive-hifive1-revb/install/lib/debug//libmetal.a(interrupt.o)
                0x0000000020015160                metal_interrupt_init
 .text.metal_led_enable
                0x0000000020015184       0x24 /mnt/usb2/e_sdk/freedom-e-sdk/bsp/sifive-hifive1-revb/install/lib/debug//libmetal.a(led.o)
                0x0000000020015184                metal_led_enable
 .text.metal_led_on
                0x00000000200151a8       0x24 /mnt/usb2/e_sdk/freedom-e-sdk/bsp/sifive-hifive1-revb/install/lib/debug//libmetal.a(led.o)
                0x00000000200151a8                metal_led_on
 .text.metal_led_off
                0x00000000200151cc       0x24 /mnt/usb2/e_sdk/freedom-e-sdk/bsp/sifive-hifive1-revb/install/lib/debug//libmetal.a(led.o)
                0x00000000200151cc                metal_led_off
 .text.metal_led_get_rgb
                0x00000000200151f0       0x92 /mnt/usb2/e_sdk/freedom-e-sdk/bsp/sifive-hifive1-revb/install/lib/debug//libmetal.a(led.o)
                0x00000000200151f0                metal_led_get_rgb
 .text.metal_shutdown
                0x0000000020015282        0xe /mnt/usb2/e_sdk/freedom-e-sdk/bsp/sifive-hifive1-revb/install/lib/debug//libmetal.a(shutdown.o)
                0x0000000020015282                metal_shutdown
 *fill*         0x0000000020015290       0x70 
 .text          0x0000000020015300       0x80 /mnt/usb2/e_sdk/freedom-e-sdk/bsp/sifive-hifive1-revb/install/lib/debug//libmetal.a(vector.o)
                0x0000000020015300                __metal_vector_table
 .text.__metal_driver_fixed_clock_rate
                0x0000000020015380       0x70 /mnt/usb2/e_sdk/freedom-e-sdk/bsp/sifive-hifive1-revb/install/lib/debug//libmetal.a(fixed-clock.o)
 .text.__metal_driver_fixed_clock_get_rate_hz
                0x00000000200153f0       0x1e /mnt/usb2/e_sdk/freedom-e-sdk/bsp/sifive-hifive1-revb/install/lib/debug//libmetal.a(fixed-clock.o)
                0x00000000200153f0                __metal_driver_fixed_clock_get_rate_hz
 .text.__metal_driver_fixed_clock_set_rate_hz
                0x000000002001540e       0x22 /mnt/usb2/e_sdk/freedom-e-sdk/bsp/sifive-hifive1-revb/install/lib/debug//libmetal.a(fixed-clock.o)
                0x000000002001540e                __metal_driver_fixed_clock_set_rate_hz
 .text.atexit   0x0000000020015430        0xa /opt/sifive/riscv64-unknown-elf-gcc-8.3.0-2020.04.0-x86_64-linux-ubuntu14/bin/../lib/gcc/riscv64-unknown-elf/8.3.0/../../../../riscv64-unknown-elf/lib/rv32imac/ilp32/libc_nano.a(lib_a-atexit.o)
                0x0000000020015430                atexit
 .text.exit     0x000000002001543a       0x26 /opt/sifive/riscv64-unknown-elf-gcc-8.3.0-2020.04.0-x86_64-linux-ubuntu14/bin/../lib/gcc/riscv64-unknown-elf/8.3.0/../../../../riscv64-unknown-elf/lib/rv32imac/ilp32/libc_nano.a(lib_a-exit.o)
                0x000000002001543a                exit
 .text.__libc_fini_array
                0x0000000020015460       0x38 /opt/sifive/riscv64-unknown-elf-gcc-8.3.0-2020.04.0-x86_64-linux-ubuntu14/bin/../lib/gcc/riscv64-unknown-elf/8.3.0/../../../../riscv64-unknown-elf/lib/rv32imac/ilp32/libc_nano.a(lib_a-fini.o)
                0x0000000020015460                __libc_fini_array
 .text.__libc_init_array
                0x0000000020015498       0x6a /opt/sifive/riscv64-unknown-elf-gcc-8.3.0-2020.04.0-x86_64-linux-ubuntu14/bin/../lib/gcc/riscv64-unknown-elf/8.3.0/../../../../riscv64-unknown-elf/lib/rv32imac/ilp32/libc_nano.a(lib_a-init.o)
                0x0000000020015498                __libc_init_array
 .text.strcat   0x0000000020015502       0x20 /opt/sifive/riscv64-unknown-elf-gcc-8.3.0-2020.04.0-x86_64-linux-ubuntu14/bin/../lib/gcc/riscv64-unknown-elf/8.3.0/../../../../riscv64-unknown-elf/lib/rv32imac/ilp32/libc_nano.a(lib_a-strcat.o)
                0x0000000020015502                strcat
 .text          0x0000000020015522       0x18 /opt/sifive/riscv64-unknown-elf-gcc-8.3.0-2020.04.0-x86_64-linux-ubuntu14/bin/../lib/gcc/riscv64-unknown-elf/8.3.0/../../../../riscv64-unknown-elf/lib/rv32imac/ilp32/libc_nano.a(lib_a-strcmp.o)
                0x0000000020015522                strcmp
 .text.strcpy   0x000000002001553a       0x12 /opt/sifive/riscv64-unknown-elf-gcc-8.3.0-2020.04.0-x86_64-linux-ubuntu14/bin/../lib/gcc/riscv64-unknown-elf/8.3.0/../../../../riscv64-unknown-elf/lib/rv32imac/ilp32/libc_nano.a(lib_a-strcpy.o)
                0x000000002001553a                strcpy
 .text.__register_exitproc
                0x000000002001554c       0x88 /opt/sifive/riscv64-unknown-elf-gcc-8.3.0-2020.04.0-x86_64-linux-ubuntu14/bin/../lib/gcc/riscv64-unknown-elf/8.3.0/../../../../riscv64-unknown-elf/lib/rv32imac/ilp32/libc_nano.a(lib_a-__atexit.o)
                0x000000002001554c                __register_exitproc
 .text.__call_exitprocs
                0x00000000200155d4       0xc8 /opt/sifive/riscv64-unknown-elf-gcc-8.3.0-2020.04.0-x86_64-linux-ubuntu14/bin/../lib/gcc/riscv64-unknown-elf/8.3.0/../../../../riscv64-unknown-elf/lib/rv32imac/ilp32/libc_nano.a(lib_a-__call_atexit.o)
                0x00000000200155d4                __call_exitprocs
 .text.metal_init
                0x000000002001569c       0x78 /mnt/usb2/e_sdk/freedom-e-sdk/bsp/sifive-hifive1-revb/install/lib/debug//libmetal.a(init.o)
                0x000000002001569c                metal_init
 .text.metal_fini
                0x0000000020015714       0x78 /mnt/usb2/e_sdk/freedom-e-sdk/bsp/sifive-hifive1-revb/install/lib/debug//libmetal.a(init.o)
                0x0000000020015714                metal_fini
 .text.metal_init_run
                0x000000002001578c       0x14 /mnt/usb2/e_sdk/freedom-e-sdk/bsp/sifive-hifive1-revb/install/lib/debug//libmetal.a(init.o)
                0x000000002001578c                metal_init_run
 .text.metal_fini_run
                0x00000000200157a0       0x14 /mnt/usb2/e_sdk/freedom-e-sdk/bsp/sifive-hifive1-revb/install/lib/debug//libmetal.a(init.o)
                0x00000000200157a0                metal_fini_run
 .text._exit    0x00000000200157b4       0x14 /mnt/usb2/e_sdk/freedom-e-sdk/bsp/sifive-hifive1-revb/install/lib/debug//libmetal-gloss.a(sys_exit.o)
                0x00000000200157b4                _exit
 *(.gnu.linkonce.t.*)

.rela.dyn       0x00000000200157c8        0x0
 .rela.text.__metal_driver_cpu_get
                0x00000000200157c8        0x0 /tmp/ccNqEZsK.o
 .rela.text.metal_software_interrupt_vector_handler
                0x00000000200157c8        0x0 /tmp/ccNqEZsK.o
 .rela.text.__metal_default_sw_handler
                0x00000000200157c8        0x0 /tmp/ccNqEZsK.o
 .rela.text.metal_timer_interrupt_vector_handler
                0x00000000200157c8        0x0 /tmp/ccNqEZsK.o
 .rela.text.__metal_exception_handler
                0x00000000200157c8        0x0 /tmp/ccNqEZsK.o
 .rela.text.metal_lc0_interrupt_vector_handler
                0x00000000200157c8        0x0 /tmp/ccNqEZsK.o
 .rela.text.metal_lc1_interrupt_vector_handler
                0x00000000200157c8        0x0 /tmp/ccNqEZsK.o
 .rela.text.metal_lc2_interrupt_vector_handler
                0x00000000200157c8        0x0 /tmp/ccNqEZsK.o
 .rela.text.metal_lc3_interrupt_vector_handler
                0x00000000200157c8        0x0 /tmp/ccNqEZsK.o
 .rela.text.metal_lc4_interrupt_vector_handler
                0x00000000200157c8        0x0 /tmp/ccNqEZsK.o
 .rela.text.metal_lc5_interrupt_vector_handler
                0x00000000200157c8        0x0 /tmp/ccNqEZsK.o
 .rela.text.metal_lc6_interrupt_vector_handler
                0x00000000200157c8        0x0 /tmp/ccNqEZsK.o
 .rela.text.metal_lc7_interrupt_vector_handler
                0x00000000200157c8        0x0 /tmp/ccNqEZsK.o
 .rela.text.metal_lc8_interrupt_vector_handler
                0x00000000200157c8        0x0 /tmp/ccNqEZsK.o
 .rela.text.metal_lc9_interrupt_vector_handler
                0x00000000200157c8        0x0 /tmp/ccNqEZsK.o
 .rela.text.metal_lc10_interrupt_vector_handler
                0x00000000200157c8        0x0 /tmp/ccNqEZsK.o
 .rela.text.metal_lc11_interrupt_vector_handler
                0x00000000200157c8        0x0 /tmp/ccNqEZsK.o
 .rela.text.metal_lc12_interrupt_vector_handler
                0x00000000200157c8        0x0 /tmp/ccNqEZsK.o
 .rela.text.metal_lc13_interrupt_vector_handler
                0x00000000200157c8        0x0 /tmp/ccNqEZsK.o
 .rela.text.metal_lc14_interrupt_vector_handler
                0x00000000200157c8        0x0 /tmp/ccNqEZsK.o
 .rela.text.metal_lc15_interrupt_vector_handler
                0x00000000200157c8        0x0 /tmp/ccNqEZsK.o
 .rela.text.metal_cpu_get
                0x00000000200157c8        0x0 /tmp/ccNqEZsK.o
 .rela.text.metal.init.enter
                0x00000000200157c8        0x0 /tmp/ccNqEZsK.o
 .rela.text.metal.init.scrub
                0x00000000200157c8        0x0 /tmp/ccNqEZsK.o
 .rela.text.metal_led_get_rgb
                0x00000000200157c8        0x0 /tmp/ccNqEZsK.o
 .rela.text     0x00000000200157c8        0x0 /tmp/ccNqEZsK.o
 .rela.text.libgloss.start
                0x00000000200157c8        0x0 /tmp/ccNqEZsK.o
 .rela.text.__libc_fini_array
                0x00000000200157c8        0x0 /tmp/ccNqEZsK.o
 .rela.data.impure_data
                0x00000000200157c8        0x0 /tmp/ccNqEZsK.o
 .rela.text.__libc_init_array
                0x00000000200157c8        0x0 /tmp/ccNqEZsK.o
 .rela.text.__register_exitproc
                0x00000000200157c8        0x0 /tmp/ccNqEZsK.o
 .rela.text.metal_init
                0x00000000200157c8        0x0 /tmp/ccNqEZsK.o
 .rela.text.metal_fini
                0x00000000200157c8        0x0 /tmp/ccNqEZsK.o

.data           0x0000000080000000      0xabc load address 0x00000000200157c8
 *(.data .data.*)
 .data.__metal_led_table
                0x0000000080000000        0xc /tmp/ccNqEZsK.o
                0x0000000080000000                __metal_led_table
 .data.__metal_dt_clock_0
                0x000000008000000c        0xc /mnt/usb2/e_sdk/freedom-e-sdk/bsp/sifive-hifive1-revb/install/lib/debug//libmetal.a(inline.o)
                0x000000008000000c                __metal_dt_clock_0
 .data.__metal_dt_clock_2
                0x0000000080000018        0xc /mnt/usb2/e_sdk/freedom-e-sdk/bsp/sifive-hifive1-revb/install/lib/debug//libmetal.a(inline.o)
                0x0000000080000018                __metal_dt_clock_2
 .data.__metal_dt_clock_5
                0x0000000080000024        0xc /mnt/usb2/e_sdk/freedom-e-sdk/bsp/sifive-hifive1-revb/install/lib/debug//libmetal.a(inline.o)
                0x0000000080000024                __metal_dt_clock_5
 .data.__metal_dt_clock_6
                0x0000000080000030        0xc /mnt/usb2/e_sdk/freedom-e-sdk/bsp/sifive-hifive1-revb/install/lib/debug//libmetal.a(inline.o)
                0x0000000080000030                __metal_dt_clock_6
 *fill*         0x000000008000003c        0x4 
 .data.__metal_dt_cpu_0_interrupt_controller
                0x0000000080000040      0x3d0 /mnt/usb2/e_sdk/freedom-e-sdk/bsp/sifive-hifive1-revb/install/lib/debug//libmetal.a(inline.o)
                0x0000000080000040                __metal_dt_cpu_0_interrupt_controller
 .data.__metal_dt_interrupt_controller_c000000
                0x0000000080000410      0x5d8 /mnt/usb2/e_sdk/freedom-e-sdk/bsp/sifive-hifive1-revb/install/lib/debug//libmetal.a(inline.o)
                0x0000000080000410                __metal_dt_interrupt_controller_c000000
 .data.__metal_dt_clock_3
                0x00000000800009e8        0xc /mnt/usb2/e_sdk/freedom-e-sdk/bsp/sifive-hifive1-revb/install/lib/debug//libmetal.a(inline.o)
                0x00000000800009e8                __metal_dt_clock_3
 .data.__metal_dt_clock_1
                0x00000000800009f4        0xc /mnt/usb2/e_sdk/freedom-e-sdk/bsp/sifive-hifive1-revb/install/lib/debug//libmetal.a(inline.o)
                0x00000000800009f4                __metal_dt_clock_1
 .data.__metal_dt_clock_4
                0x0000000080000a00        0xc /mnt/usb2/e_sdk/freedom-e-sdk/bsp/sifive-hifive1-revb/install/lib/debug//libmetal.a(inline.o)
                0x0000000080000a00                __metal_dt_clock_4
 .data.impure_data
                0x0000000080000a0c       0x60 /opt/sifive/riscv64-unknown-elf-gcc-8.3.0-2020.04.0-x86_64-linux-ubuntu14/bin/../lib/gcc/riscv64-unknown-elf/8.3.0/../../../../riscv64-unknown-elf/lib/rv32imac/ilp32/libc_nano.a(lib_a-impure.o)
 *(.gnu.linkonce.d.*)
                0x0000000080000a70                . = ALIGN (0x8)
 *fill*         0x0000000080000a6c        0x4 
                0x0000000080001270                PROVIDE (__global_pointer$ = (. + 0x800))
 *(.sdata .sdata.* .sdata2.*)
 .sdata.__metal_cpu_table
                0x0000000080000a70        0x4 /tmp/ccNqEZsK.o
                0x0000000080000a70                __metal_cpu_table
 .sdata.__metal_dt_clint_2000000
                0x0000000080000a74        0x8 /mnt/usb2/e_sdk/freedom-e-sdk/bsp/sifive-hifive1-revb/install/lib/debug//libmetal.a(inline.o)
                0x0000000080000a74                __metal_dt_clint_2000000
 .sdata.__metal_dt_cpu_0
                0x0000000080000a7c        0x8 /mnt/usb2/e_sdk/freedom-e-sdk/bsp/sifive-hifive1-revb/install/lib/debug//libmetal.a(inline.o)
                0x0000000080000a7c                __metal_dt_cpu_0
 .sdata.__metal_dt_gpio_10012000
                0x0000000080000a84        0x4 /mnt/usb2/e_sdk/freedom-e-sdk/bsp/sifive-hifive1-revb/install/lib/debug//libmetal.a(inline.o)
                0x0000000080000a84                __metal_dt_gpio_10012000
 .sdata.__metal_dt_led_0
                0x0000000080000a88        0x4 /mnt/usb2/e_sdk/freedom-e-sdk/bsp/sifive-hifive1-revb/install/lib/debug//libmetal.a(inline.o)
                0x0000000080000a88                __metal_dt_led_0
 .sdata.__metal_dt_led_1
                0x0000000080000a8c        0x4 /mnt/usb2/e_sdk/freedom-e-sdk/bsp/sifive-hifive1-revb/install/lib/debug//libmetal.a(inline.o)
                0x0000000080000a8c                __metal_dt_led_1
 .sdata.__metal_dt_led_2
                0x0000000080000a90        0x4 /mnt/usb2/e_sdk/freedom-e-sdk/bsp/sifive-hifive1-revb/install/lib/debug//libmetal.a(inline.o)
                0x0000000080000a90                __metal_dt_led_2
 .sdata.__metal_dt_prci_10008000
                0x0000000080000a94        0x4 /mnt/usb2/e_sdk/freedom-e-sdk/bsp/sifive-hifive1-revb/install/lib/debug//libmetal.a(inline.o)
                0x0000000080000a94                __metal_dt_prci_10008000
 .sdata2.__metal_driver_vtable_sifive_fe310_g000_hfrosc
                0x0000000080000a98        0x8 /mnt/usb2/e_sdk/freedom-e-sdk/bsp/sifive-hifive1-revb/install/lib/debug//libmetal.a(sifive_fe310-g000_hfrosc.o)
                0x0000000080000a98                __metal_driver_vtable_sifive_fe310_g000_hfrosc
 .sdata2.__metal_driver_vtable_sifive_fe310_g000_hfxosc
                0x0000000080000aa0        0x8 /mnt/usb2/e_sdk/freedom-e-sdk/bsp/sifive-hifive1-revb/install/lib/debug//libmetal.a(sifive_fe310-g000_hfxosc.o)
                0x0000000080000aa0                __metal_driver_vtable_sifive_fe310_g000_hfxosc
 .sdata2.__metal_driver_vtable_sifive_fe310_g000_prci
                0x0000000080000aa8        0x8 /mnt/usb2/e_sdk/freedom-e-sdk/bsp/sifive-hifive1-revb/install/lib/debug//libmetal.a(sifive_fe310-g000_prci.o)
                0x0000000080000aa8                __metal_driver_vtable_sifive_fe310_g000_prci
 .sdata2.__metal_driver_vtable_fixed_clock
                0x0000000080000ab0        0x8 /mnt/usb2/e_sdk/freedom-e-sdk/bsp/sifive-hifive1-revb/install/lib/debug//libmetal.a(fixed-clock.o)
                0x0000000080000ab0                __metal_driver_vtable_fixed_clock
 .sdata2._global_impure_ptr
                0x0000000080000ab8        0x4 /opt/sifive/riscv64-unknown-elf-gcc-8.3.0-2020.04.0-x86_64-linux-ubuntu14/bin/../lib/gcc/riscv64-unknown-elf/8.3.0/../../../../riscv64-unknown-elf/lib/rv32imac/ilp32/libc_nano.a(lib_a-impure.o)
                0x0000000080000ab8                _global_impure_ptr
 *(.gnu.linkonce.s.*)

.tdata          0x0000000080000ac0        0x0 load address 0x0000000020016288
                0x0000000080000ac0                PROVIDE (__tls_base = .)
 *(.tdata .tdata.* .gnu.linkonce.td.*)
                [!provide]                        PROVIDE (__tdata_source = LOADADDR (.tdata))
                [!provide]                        PROVIDE (__tdata_size = SIZEOF (.tdata))
                0x00000000200157c8                PROVIDE (metal_segment_data_source_start = LOADADDR (.data))
                0x0000000080000000                PROVIDE (metal_segment_data_target_start = ADDR (.data))
                0x0000000080000ac0                PROVIDE (metal_segment_data_target_end = (ADDR (.tdata) + SIZEOF (.tdata)))

.tbss           0x0000000080000ac0        0x0
 *(.tbss .tbss.* .gnu.linkonce.tb.*)
 *(.tcommon .tcommon.*)
                [!provide]                        PROVIDE (__tls_end = .)
                0x0000000000000000                PROVIDE (__tbss_size = SIZEOF (.tbss))
                [!provide]                        PROVIDE (__tls_size = (__tls_end - __tls_base))

.tbss_space     0x0000000080000ac0        0x0
                0x0000000080000ac0                . = (. + __tbss_size)

.bss            0x0000000080000ac0       0x98
 *(.sbss*)
 .sbss._global_atexit
                0x0000000080000ac0        0x4 /opt/sifive/riscv64-unknown-elf-gcc-8.3.0-2020.04.0-x86_64-linux-ubuntu14/bin/../lib/gcc/riscv64-unknown-elf/8.3.0/../../../../riscv64-unknown-elf/lib/rv32imac/ilp32/libc_nano.a(lib_a-__call_atexit.o)
                0x0000000080000ac0                _global_atexit
 .sbss.init_done.1531
                0x0000000080000ac4        0x4 /mnt/usb2/e_sdk/freedom-e-sdk/bsp/sifive-hifive1-revb/install/lib/debug//libmetal.a(init.o)
 .sbss.fini_done.1540
                0x0000000080000ac8        0x4 /mnt/usb2/e_sdk/freedom-e-sdk/bsp/sifive-hifive1-revb/install/lib/debug//libmetal.a(init.o)
 *(.gnu.linkonce.sb.*)
 *(.bss .bss.*)
 .bss._global_atexit0
                0x0000000080000acc       0x8c /opt/sifive/riscv64-unknown-elf-gcc-8.3.0-2020.04.0-x86_64-linux-ubuntu14/bin/../lib/gcc/riscv64-unknown-elf/8.3.0/../../../../riscv64-unknown-elf/lib/rv32imac/ilp32/libc_nano.a(lib_a-__atexit.o)
 *(.gnu.linkonce.b.*)
 *(COMMON)
                [!provide]                        PROVIDE (metal_segment_bss_source_start = LOADADDR (.tbss))
                0x0000000080000ac0                PROVIDE (metal_segment_bss_target_start = ADDR (.tbss))
                0x0000000080000b58                PROVIDE (metal_segment_bss_target_end = (ADDR (.bss) + SIZEOF (.bss)))

.stack          0x0000000080000b60      0x400
                [!provide]                        PROVIDE (metal_segment_stack_begin = .)
                0x0000000080000f60                . = (. + __stack_size)
 *fill*         0x0000000080000b60      0x400 
                0x0000000080000f60                PROVIDE (_sp = .)
                [!provide]                        PROVIDE (metal_segment_stack_end = .)

.heap           0x0000000080000f60      0x800
                [!provide]                        PROVIDE (__end = .)
                [!provide]                        PROVIDE (__heap_start = .)
                [!provide]                        PROVIDE (metal_segment_heap_target_start = .)
                0x0000000000000800                . = DEFINED (__heap_max)?MIN ((LENGTH (ram) - (. - ORIGIN (ram))), 0x10000000):__heap_size
 *fill*         0x0000000080000f60      0x800 
                [!provide]                        PROVIDE (metal_segment_heap_target_end = .)
                [!provide]                        PROVIDE (_heap_end = .)
                [!provide]                        PROVIDE (__heap_end = .)

/DISCARD/
 *(.eh_frame .eh_frame.*)
OUTPUT(blink elf32-littleriscv)

.debug_info     0x0000000000000000    0x2b22b
 .debug_info    0x0000000000000000     0x20b6 /tmp/ccNqEZsK.o
 .debug_info    0x00000000000020b6     0x2229 /mnt/usb2/e_sdk/freedom-e-sdk/bsp/sifive-hifive1-revb/install/lib/debug//libmetal.a(inline.o)
 .debug_info    0x00000000000042df     0x26ea /mnt/usb2/e_sdk/freedom-e-sdk/bsp/sifive-hifive1-revb/install/lib/debug//libmetal.a(riscv_clint0.o)
 .debug_info    0x00000000000069c9     0x3574 /mnt/usb2/e_sdk/freedom-e-sdk/bsp/sifive-hifive1-revb/install/lib/debug//libmetal.a(riscv_cpu.o)
 .debug_info    0x0000000000009f3d     0x27ff /mnt/usb2/e_sdk/freedom-e-sdk/bsp/sifive-hifive1-revb/install/lib/debug//libmetal.a(riscv_plic0.o)
 .debug_info    0x000000000000c73c     0x2194 /mnt/usb2/e_sdk/freedom-e-sdk/bsp/sifive-hifive1-revb/install/lib/debug//libmetal.a(sifive_fe310-g000_hfrosc.o)
 .debug_info    0x000000000000e8d0     0x2194 /mnt/usb2/e_sdk/freedom-e-sdk/bsp/sifive-hifive1-revb/install/lib/debug//libmetal.a(sifive_fe310-g000_hfxosc.o)
 .debug_info    0x0000000000010a64     0x2ef2 /mnt/usb2/e_sdk/freedom-e-sdk/bsp/sifive-hifive1-revb/install/lib/debug//libmetal.a(sifive_fe310-g000_pll.o)
 .debug_info    0x0000000000013956     0x210b /mnt/usb2/e_sdk/freedom-e-sdk/bsp/sifive-hifive1-revb/install/lib/debug//libmetal.a(sifive_fe310-g000_prci.o)
 .debug_info    0x0000000000015a61     0x2a99 /mnt/usb2/e_sdk/freedom-e-sdk/bsp/sifive-hifive1-revb/install/lib/debug//libmetal.a(sifive_gpio-leds.o)
 .debug_info    0x00000000000184fa     0x250e /mnt/usb2/e_sdk/freedom-e-sdk/bsp/sifive-hifive1-revb/install/lib/debug//libmetal.a(sifive_gpio0.o)
 .debug_info    0x000000000001aa08      0x2c7 /mnt/usb2/e_sdk/freedom-e-sdk/bsp/sifive-hifive1-revb/install/lib/debug//libmetal.a(clock.o)
 .debug_info    0x000000000001accf     0x23ee /mnt/usb2/e_sdk/freedom-e-sdk/bsp/sifive-hifive1-revb/install/lib/debug//libmetal.a(cpu.o)
 .debug_info    0x000000000001d0bd       0x22 /mnt/usb2/e_sdk/freedom-e-sdk/bsp/sifive-hifive1-revb/install/lib/debug//libmetal.a(entry.o)
 .debug_info    0x000000000001d0df       0x26 /mnt/usb2/e_sdk/freedom-e-sdk/bsp/sifive-hifive1-revb/install/lib/debug//libmetal.a(scrub.o)
 .debug_info    0x000000000001d105       0x22 /mnt/usb2/e_sdk/freedom-e-sdk/bsp/sifive-hifive1-revb/install/lib/debug//libmetal.a(trap.o)
 .debug_info    0x000000000001d127     0x240a /mnt/usb2/e_sdk/freedom-e-sdk/bsp/sifive-hifive1-revb/install/lib/debug//libmetal.a(gpio.o)
 .debug_info    0x000000000001f531     0x2f00 /mnt/usb2/e_sdk/freedom-e-sdk/bsp/sifive-hifive1-revb/install/lib/debug//libmetal.a(interrupt.o)
 .debug_info    0x0000000000022431     0x29f8 /mnt/usb2/e_sdk/freedom-e-sdk/bsp/sifive-hifive1-revb/install/lib/debug//libmetal.a(led.o)
 .debug_info    0x0000000000024e29     0x20f9 /mnt/usb2/e_sdk/freedom-e-sdk/bsp/sifive-hifive1-revb/install/lib/debug//libmetal.a(shutdown.o)
 .debug_info    0x0000000000026f22       0x26 /mnt/usb2/e_sdk/freedom-e-sdk/bsp/sifive-hifive1-revb/install/lib/debug//libmetal.a(vector.o)
 .debug_info    0x0000000000026f48     0x20d2 /mnt/usb2/e_sdk/freedom-e-sdk/bsp/sifive-hifive1-revb/install/lib/debug//libmetal.a(fixed-clock.o)
 .debug_info    0x000000000002901a       0x26 /mnt/usb2/e_sdk/freedom-e-sdk/bsp/sifive-hifive1-revb/install/lib/debug//libmetal-gloss.a(crt0.o)
 .debug_info    0x0000000000029040      0x14e /mnt/usb2/e_sdk/freedom-e-sdk/bsp/sifive-hifive1-revb/install/lib/debug//libmetal.a(init.o)
 .debug_info    0x000000000002918e     0x204e /mnt/usb2/e_sdk/freedom-e-sdk/bsp/sifive-hifive1-revb/install/lib/debug//libmetal.a(synchronize_harts.o)
 .debug_info    0x000000000002b1dc       0x4f /mnt/usb2/e_sdk/freedom-e-sdk/bsp/sifive-hifive1-revb/install/lib/debug//libmetal-gloss.a(sys_exit.o)

.debug_abbrev   0x0000000000000000     0x2bab
 .debug_abbrev  0x0000000000000000      0x1b7 /tmp/ccNqEZsK.o
 .debug_abbrev  0x00000000000001b7      0x181 /mnt/usb2/e_sdk/freedom-e-sdk/bsp/sifive-hifive1-revb/install/lib/debug//libmetal.a(inline.o)
 .debug_abbrev  0x0000000000000338      0x2dd /mnt/usb2/e_sdk/freedom-e-sdk/bsp/sifive-hifive1-revb/install/lib/debug//libmetal.a(riscv_clint0.o)
 .debug_abbrev  0x0000000000000615      0x359 /mnt/usb2/e_sdk/freedom-e-sdk/bsp/sifive-hifive1-revb/install/lib/debug//libmetal.a(riscv_cpu.o)
 .debug_abbrev  0x000000000000096e      0x293 /mnt/usb2/e_sdk/freedom-e-sdk/bsp/sifive-hifive1-revb/install/lib/debug//libmetal.a(riscv_plic0.o)
 .debug_abbrev  0x0000000000000c01      0x224 /mnt/usb2/e_sdk/freedom-e-sdk/bsp/sifive-hifive1-revb/install/lib/debug//libmetal.a(sifive_fe310-g000_hfrosc.o)
 .debug_abbrev  0x0000000000000e25      0x224 /mnt/usb2/e_sdk/freedom-e-sdk/bsp/sifive-hifive1-revb/install/lib/debug//libmetal.a(sifive_fe310-g000_hfxosc.o)
 .debug_abbrev  0x0000000000001049      0x39d /mnt/usb2/e_sdk/freedom-e-sdk/bsp/sifive-hifive1-revb/install/lib/debug//libmetal.a(sifive_fe310-g000_pll.o)
 .debug_abbrev  0x00000000000013e6      0x1cc /mnt/usb2/e_sdk/freedom-e-sdk/bsp/sifive-hifive1-revb/install/lib/debug//libmetal.a(sifive_fe310-g000_prci.o)
 .debug_abbrev  0x00000000000015b2      0x2bb /mnt/usb2/e_sdk/freedom-e-sdk/bsp/sifive-hifive1-revb/install/lib/debug//libmetal.a(sifive_gpio-leds.o)
 .debug_abbrev  0x000000000000186d      0x22e /mnt/usb2/e_sdk/freedom-e-sdk/bsp/sifive-hifive1-revb/install/lib/debug//libmetal.a(sifive_gpio0.o)
 .debug_abbrev  0x0000000000001a9b      0x129 /mnt/usb2/e_sdk/freedom-e-sdk/bsp/sifive-hifive1-revb/install/lib/debug//libmetal.a(clock.o)
 .debug_abbrev  0x0000000000001bc4      0x23d /mnt/usb2/e_sdk/freedom-e-sdk/bsp/sifive-hifive1-revb/install/lib/debug//libmetal.a(cpu.o)
 .debug_abbrev  0x0000000000001e01       0x12 /mnt/usb2/e_sdk/freedom-e-sdk/bsp/sifive-hifive1-revb/install/lib/debug//libmetal.a(entry.o)
 .debug_abbrev  0x0000000000001e13       0x14 /mnt/usb2/e_sdk/freedom-e-sdk/bsp/sifive-hifive1-revb/install/lib/debug//libmetal.a(scrub.o)
 .debug_abbrev  0x0000000000001e27       0x12 /mnt/usb2/e_sdk/freedom-e-sdk/bsp/sifive-hifive1-revb/install/lib/debug//libmetal.a(trap.o)
 .debug_abbrev  0x0000000000001e39      0x232 /mnt/usb2/e_sdk/freedom-e-sdk/bsp/sifive-hifive1-revb/install/lib/debug//libmetal.a(gpio.o)
 .debug_abbrev  0x000000000000206b      0x2a1 /mnt/usb2/e_sdk/freedom-e-sdk/bsp/sifive-hifive1-revb/install/lib/debug//libmetal.a(interrupt.o)
 .debug_abbrev  0x000000000000230c      0x281 /mnt/usb2/e_sdk/freedom-e-sdk/bsp/sifive-hifive1-revb/install/lib/debug//libmetal.a(led.o)
 .debug_abbrev  0x000000000000258d      0x1cc /mnt/usb2/e_sdk/freedom-e-sdk/bsp/sifive-hifive1-revb/install/lib/debug//libmetal.a(shutdown.o)
 .debug_abbrev  0x0000000000002759       0x14 /mnt/usb2/e_sdk/freedom-e-sdk/bsp/sifive-hifive1-revb/install/lib/debug//libmetal.a(vector.o)
 .debug_abbrev  0x000000000000276d      0x1bd /mnt/usb2/e_sdk/freedom-e-sdk/bsp/sifive-hifive1-revb/install/lib/debug//libmetal.a(fixed-clock.o)
 .debug_abbrev  0x000000000000292a       0x14 /mnt/usb2/e_sdk/freedom-e-sdk/bsp/sifive-hifive1-revb/install/lib/debug//libmetal-gloss.a(crt0.o)
 .debug_abbrev  0x000000000000293e       0xa1 /mnt/usb2/e_sdk/freedom-e-sdk/bsp/sifive-hifive1-revb/install/lib/debug//libmetal.a(init.o)
 .debug_abbrev  0x00000000000029df      0x17f /mnt/usb2/e_sdk/freedom-e-sdk/bsp/sifive-hifive1-revb/install/lib/debug//libmetal.a(synchronize_harts.o)
 .debug_abbrev  0x0000000000002b5e       0x4d /mnt/usb2/e_sdk/freedom-e-sdk/bsp/sifive-hifive1-revb/install/lib/debug//libmetal-gloss.a(sys_exit.o)

.debug_aranges  0x0000000000000000      0xad0
 .debug_aranges
                0x0000000000000000       0x20 /tmp/ccNqEZsK.o
 .debug_aranges
                0x0000000000000020       0x18 /mnt/usb2/e_sdk/freedom-e-sdk/bsp/sifive-hifive1-revb/install/lib/debug//libmetal.a(inline.o)
 .debug_aranges
                0x0000000000000038       0xa0 /mnt/usb2/e_sdk/freedom-e-sdk/bsp/sifive-hifive1-revb/install/lib/debug//libmetal.a(riscv_clint0.o)
 .debug_aranges
                0x00000000000000d8      0x278 /mnt/usb2/e_sdk/freedom-e-sdk/bsp/sifive-hifive1-revb/install/lib/debug//libmetal.a(riscv_cpu.o)
 .debug_aranges
                0x0000000000000350       0xe0 /mnt/usb2/e_sdk/freedom-e-sdk/bsp/sifive-hifive1-revb/install/lib/debug//libmetal.a(riscv_plic0.o)
 .debug_aranges
                0x0000000000000430       0x48 /mnt/usb2/e_sdk/freedom-e-sdk/bsp/sifive-hifive1-revb/install/lib/debug//libmetal.a(sifive_fe310-g000_hfrosc.o)
 .debug_aranges
                0x0000000000000478       0x48 /mnt/usb2/e_sdk/freedom-e-sdk/bsp/sifive-hifive1-revb/install/lib/debug//libmetal.a(sifive_fe310-g000_hfxosc.o)
 .debug_aranges
                0x00000000000004c0       0xa0 /mnt/usb2/e_sdk/freedom-e-sdk/bsp/sifive-hifive1-revb/install/lib/debug//libmetal.a(sifive_fe310-g000_pll.o)
 .debug_aranges
                0x0000000000000560       0x30 /mnt/usb2/e_sdk/freedom-e-sdk/bsp/sifive-hifive1-revb/install/lib/debug//libmetal.a(sifive_fe310-g000_prci.o)
 .debug_aranges
                0x0000000000000590       0x58 /mnt/usb2/e_sdk/freedom-e-sdk/bsp/sifive-hifive1-revb/install/lib/debug//libmetal.a(sifive_gpio-leds.o)
 .debug_aranges
                0x00000000000005e8       0xa8 /mnt/usb2/e_sdk/freedom-e-sdk/bsp/sifive-hifive1-revb/install/lib/debug//libmetal.a(sifive_gpio0.o)
 .debug_aranges
                0x0000000000000690       0x48 /mnt/usb2/e_sdk/freedom-e-sdk/bsp/sifive-hifive1-revb/install/lib/debug//libmetal.a(clock.o)
 .debug_aranges
                0x00000000000006d8       0xb8 /mnt/usb2/e_sdk/freedom-e-sdk/bsp/sifive-hifive1-revb/install/lib/debug//libmetal.a(cpu.o)
 .debug_aranges
                0x0000000000000790       0x28 /mnt/usb2/e_sdk/freedom-e-sdk/bsp/sifive-hifive1-revb/install/lib/debug//libmetal.a(entry.o)
 .debug_aranges
                0x00000000000007b8       0x20 /mnt/usb2/e_sdk/freedom-e-sdk/bsp/sifive-hifive1-revb/install/lib/debug//libmetal.a(scrub.o)
 .debug_aranges
                0x00000000000007d8       0x28 /mnt/usb2/e_sdk/freedom-e-sdk/bsp/sifive-hifive1-revb/install/lib/debug//libmetal.a(trap.o)
 .debug_aranges
                0x0000000000000800       0x98 /mnt/usb2/e_sdk/freedom-e-sdk/bsp/sifive-hifive1-revb/install/lib/debug//libmetal.a(gpio.o)
 .debug_aranges
                0x0000000000000898       0xe0 /mnt/usb2/e_sdk/freedom-e-sdk/bsp/sifive-hifive1-revb/install/lib/debug//libmetal.a(interrupt.o)
 .debug_aranges
                0x0000000000000978       0x48 /mnt/usb2/e_sdk/freedom-e-sdk/bsp/sifive-hifive1-revb/install/lib/debug//libmetal.a(led.o)
 .debug_aranges
                0x00000000000009c0       0x28 /mnt/usb2/e_sdk/freedom-e-sdk/bsp/sifive-hifive1-revb/install/lib/debug//libmetal.a(shutdown.o)
 .debug_aranges
                0x00000000000009e8       0x20 /mnt/usb2/e_sdk/freedom-e-sdk/bsp/sifive-hifive1-revb/install/lib/debug//libmetal.a(vector.o)
 .debug_aranges
                0x0000000000000a08       0x30 /mnt/usb2/e_sdk/freedom-e-sdk/bsp/sifive-hifive1-revb/install/lib/debug//libmetal.a(fixed-clock.o)
 .debug_aranges
                0x0000000000000a38       0x20 /mnt/usb2/e_sdk/freedom-e-sdk/bsp/sifive-hifive1-revb/install/lib/debug//libmetal-gloss.a(crt0.o)
 .debug_aranges
                0x0000000000000a58       0x38 /mnt/usb2/e_sdk/freedom-e-sdk/bsp/sifive-hifive1-revb/install/lib/debug//libmetal.a(init.o)
 .debug_aranges
                0x0000000000000a90       0x20 /mnt/usb2/e_sdk/freedom-e-sdk/bsp/sifive-hifive1-revb/install/lib/debug//libmetal.a(synchronize_harts.o)
 .debug_aranges
                0x0000000000000ab0       0x20 /mnt/usb2/e_sdk/freedom-e-sdk/bsp/sifive-hifive1-revb/install/lib/debug//libmetal-gloss.a(sys_exit.o)

.debug_ranges   0x0000000000000000      0x950
 .debug_ranges  0x0000000000000000       0x10 /tmp/ccNqEZsK.o
 .debug_ranges  0x0000000000000010       0xd8 /mnt/usb2/e_sdk/freedom-e-sdk/bsp/sifive-hifive1-revb/install/lib/debug//libmetal.a(riscv_clint0.o)
 .debug_ranges  0x00000000000000e8      0x268 /mnt/usb2/e_sdk/freedom-e-sdk/bsp/sifive-hifive1-revb/install/lib/debug//libmetal.a(riscv_cpu.o)
 .debug_ranges  0x0000000000000350       0xd0 /mnt/usb2/e_sdk/freedom-e-sdk/bsp/sifive-hifive1-revb/install/lib/debug//libmetal.a(riscv_plic0.o)
 .debug_ranges  0x0000000000000420       0x38 /mnt/usb2/e_sdk/freedom-e-sdk/bsp/sifive-hifive1-revb/install/lib/debug//libmetal.a(sifive_fe310-g000_hfrosc.o)
 .debug_ranges  0x0000000000000458       0x38 /mnt/usb2/e_sdk/freedom-e-sdk/bsp/sifive-hifive1-revb/install/lib/debug//libmetal.a(sifive_fe310-g000_hfxosc.o)
 .debug_ranges  0x0000000000000490       0x90 /mnt/usb2/e_sdk/freedom-e-sdk/bsp/sifive-hifive1-revb/install/lib/debug//libmetal.a(sifive_fe310-g000_pll.o)
 .debug_ranges  0x0000000000000520       0x20 /mnt/usb2/e_sdk/freedom-e-sdk/bsp/sifive-hifive1-revb/install/lib/debug//libmetal.a(sifive_fe310-g000_prci.o)
 .debug_ranges  0x0000000000000540       0x48 /mnt/usb2/e_sdk/freedom-e-sdk/bsp/sifive-hifive1-revb/install/lib/debug//libmetal.a(sifive_gpio-leds.o)
 .debug_ranges  0x0000000000000588       0x98 /mnt/usb2/e_sdk/freedom-e-sdk/bsp/sifive-hifive1-revb/install/lib/debug//libmetal.a(sifive_gpio0.o)
 .debug_ranges  0x0000000000000620       0x38 /mnt/usb2/e_sdk/freedom-e-sdk/bsp/sifive-hifive1-revb/install/lib/debug//libmetal.a(clock.o)
 .debug_ranges  0x0000000000000658       0xa8 /mnt/usb2/e_sdk/freedom-e-sdk/bsp/sifive-hifive1-revb/install/lib/debug//libmetal.a(cpu.o)
 .debug_ranges  0x0000000000000700       0x20 /mnt/usb2/e_sdk/freedom-e-sdk/bsp/sifive-hifive1-revb/install/lib/debug//libmetal.a(entry.o)
 .debug_ranges  0x0000000000000720       0x20 /mnt/usb2/e_sdk/freedom-e-sdk/bsp/sifive-hifive1-revb/install/lib/debug//libmetal.a(trap.o)
 .debug_ranges  0x0000000000000740       0x88 /mnt/usb2/e_sdk/freedom-e-sdk/bsp/sifive-hifive1-revb/install/lib/debug//libmetal.a(gpio.o)
 .debug_ranges  0x00000000000007c8       0xd0 /mnt/usb2/e_sdk/freedom-e-sdk/bsp/sifive-hifive1-revb/install/lib/debug//libmetal.a(interrupt.o)
 .debug_ranges  0x0000000000000898       0x38 /mnt/usb2/e_sdk/freedom-e-sdk/bsp/sifive-hifive1-revb/install/lib/debug//libmetal.a(led.o)
 .debug_ranges  0x00000000000008d0       0x18 /mnt/usb2/e_sdk/freedom-e-sdk/bsp/sifive-hifive1-revb/install/lib/debug//libmetal.a(shutdown.o)
 .debug_ranges  0x00000000000008e8       0x20 /mnt/usb2/e_sdk/freedom-e-sdk/bsp/sifive-hifive1-revb/install/lib/debug//libmetal.a(fixed-clock.o)
 .debug_ranges  0x0000000000000908       0x28 /mnt/usb2/e_sdk/freedom-e-sdk/bsp/sifive-hifive1-revb/install/lib/debug//libmetal.a(init.o)
 .debug_ranges  0x0000000000000930       0x10 /mnt/usb2/e_sdk/freedom-e-sdk/bsp/sifive-hifive1-revb/install/lib/debug//libmetal.a(synchronize_harts.o)
 .debug_ranges  0x0000000000000940       0x10 /mnt/usb2/e_sdk/freedom-e-sdk/bsp/sifive-hifive1-revb/install/lib/debug//libmetal-gloss.a(sys_exit.o)

.debug_line     0x0000000000000000     0xa7d2
 .debug_line    0x0000000000000000      0x4c7 /tmp/ccNqEZsK.o
 .debug_line    0x00000000000004c7      0x41e /mnt/usb2/e_sdk/freedom-e-sdk/bsp/sifive-hifive1-revb/install/lib/debug//libmetal.a(inline.o)
 .debug_line    0x00000000000008e5      0xc22 /mnt/usb2/e_sdk/freedom-e-sdk/bsp/sifive-hifive1-revb/install/lib/debug//libmetal.a(riscv_clint0.o)
 .debug_line    0x0000000000001507     0x18a1 /mnt/usb2/e_sdk/freedom-e-sdk/bsp/sifive-hifive1-revb/install/lib/debug//libmetal.a(riscv_cpu.o)
 .debug_line    0x0000000000002da8      0xccd /mnt/usb2/e_sdk/freedom-e-sdk/bsp/sifive-hifive1-revb/install/lib/debug//libmetal.a(riscv_plic0.o)
 .debug_line    0x0000000000003a75      0x596 /mnt/usb2/e_sdk/freedom-e-sdk/bsp/sifive-hifive1-revb/install/lib/debug//libmetal.a(sifive_fe310-g000_hfrosc.o)
 .debug_line    0x000000000000400b      0x57e /mnt/usb2/e_sdk/freedom-e-sdk/bsp/sifive-hifive1-revb/install/lib/debug//libmetal.a(sifive_fe310-g000_hfxosc.o)
 .debug_line    0x0000000000004589      0xc0d /mnt/usb2/e_sdk/freedom-e-sdk/bsp/sifive-hifive1-revb/install/lib/debug//libmetal.a(sifive_fe310-g000_pll.o)
 .debug_line    0x0000000000005196      0x4f1 /mnt/usb2/e_sdk/freedom-e-sdk/bsp/sifive-hifive1-revb/install/lib/debug//libmetal.a(sifive_fe310-g000_prci.o)
 .debug_line    0x0000000000005687      0x722 /mnt/usb2/e_sdk/freedom-e-sdk/bsp/sifive-hifive1-revb/install/lib/debug//libmetal.a(sifive_gpio-leds.o)
 .debug_line    0x0000000000005da9      0xfbc /mnt/usb2/e_sdk/freedom-e-sdk/bsp/sifive-hifive1-revb/install/lib/debug//libmetal.a(sifive_gpio0.o)
 .debug_line    0x0000000000006d65      0x1f2 /mnt/usb2/e_sdk/freedom-e-sdk/bsp/sifive-hifive1-revb/install/lib/debug//libmetal.a(clock.o)
 .debug_line    0x0000000000006f57      0x820 /mnt/usb2/e_sdk/freedom-e-sdk/bsp/sifive-hifive1-revb/install/lib/debug//libmetal.a(cpu.o)
 .debug_line    0x0000000000007777      0x139 /mnt/usb2/e_sdk/freedom-e-sdk/bsp/sifive-hifive1-revb/install/lib/debug//libmetal.a(entry.o)
 .debug_line    0x00000000000078b0      0x170 /mnt/usb2/e_sdk/freedom-e-sdk/bsp/sifive-hifive1-revb/install/lib/debug//libmetal.a(scrub.o)
 .debug_line    0x0000000000007a20       0xd7 /mnt/usb2/e_sdk/freedom-e-sdk/bsp/sifive-hifive1-revb/install/lib/debug//libmetal.a(trap.o)
 .debug_line    0x0000000000007af7      0x8fd /mnt/usb2/e_sdk/freedom-e-sdk/bsp/sifive-hifive1-revb/install/lib/debug//libmetal.a(gpio.o)
 .debug_line    0x00000000000083f4      0x9ac /mnt/usb2/e_sdk/freedom-e-sdk/bsp/sifive-hifive1-revb/install/lib/debug//libmetal.a(interrupt.o)
 .debug_line    0x0000000000008da0      0x5f2 /mnt/usb2/e_sdk/freedom-e-sdk/bsp/sifive-hifive1-revb/install/lib/debug//libmetal.a(led.o)
 .debug_line    0x0000000000009392      0x498 /mnt/usb2/e_sdk/freedom-e-sdk/bsp/sifive-hifive1-revb/install/lib/debug//libmetal.a(shutdown.o)
 .debug_line    0x000000000000982a      0x124 /mnt/usb2/e_sdk/freedom-e-sdk/bsp/sifive-hifive1-revb/install/lib/debug//libmetal.a(vector.o)
 .debug_line    0x000000000000994e      0x52e /mnt/usb2/e_sdk/freedom-e-sdk/bsp/sifive-hifive1-revb/install/lib/debug//libmetal.a(fixed-clock.o)
 .debug_line    0x0000000000009e7c      0x2b5 /mnt/usb2/e_sdk/freedom-e-sdk/bsp/sifive-hifive1-revb/install/lib/debug//libmetal-gloss.a(crt0.o)
 .debug_line    0x000000000000a131      0x1c9 /mnt/usb2/e_sdk/freedom-e-sdk/bsp/sifive-hifive1-revb/install/lib/debug//libmetal.a(init.o)
 .debug_line    0x000000000000a2fa      0x463 /mnt/usb2/e_sdk/freedom-e-sdk/bsp/sifive-hifive1-revb/install/lib/debug//libmetal.a(synchronize_harts.o)